Component: ARM Compiler 5.06 update 6 (build 750) Tool: armlink [4d35ed]

==============================================================================

Section Cross References

    main.o(i.gdmaInit) refers to strlen.o(.text) for strlen
    main.o(i.gdmaInit) refers to main.o(.data) for outDmaUartBuffer
    main.o(i.main) refers to system_nuc970.o(i.sysDisableCache) for sysDisableCache
    main.o(i.main) refers to system_nuc970.o(i.sysInvalidCache) for sysInvalidCache
    main.o(i.main) refers to system_nuc970.o(i.sysSetMMUMappingMethod) for sysSetMMUMappingMethod
    main.o(i.main) refers to system_nuc970.o(i.sysEnableCache) for sysEnableCache
    main.o(i.main) refers to main.o(i.uart1Initialization) for uart1Initialization
    main.o(i.main) refers to main.o(i.gdmaInit) for gdmaInit
    main.o(i.uart1Initialization) refers to uart.o(i.uartOpen) for uartOpen
    main.o(i.uart1Initialization) refers to uart.o(i.uartIoctl) for uartIoctl
    sys.o(i.SYS_Interrupt_Shell) refers to sys_uart.o(i.sysprintf) for sysprintf
    sys.o(i.sysFiqHandler) refers to sys.o(.data) for sysFiqHandlerTable
    sys.o(i.sysGetClock) refers to sys.o(i.sysGetPLL) for sysGetPLL
    sys.o(i.sysGetClock) refers to aeabi_sdiv.o(.text_udiv) for __aeabi_uidivmod
    sys.o(i.sysGetPLL) refers to aeabi_sdiv.o(.text_udiv) for __aeabi_uidivmod
    sys.o(i.sysInitializeAIC) refers to sys.o(i.sysIrqHandler) for sysIrqHandler
    sys.o(i.sysInitializeAIC) refers to sys.o(i.sysFiqHandler) for sysFiqHandler
    sys.o(i.sysInstallISR) refers to sys.o(i.sysInitializeAIC) for sysInitializeAIC
    sys.o(i.sysInstallISR) refers to sys.o(.data) for _sys_bIsAICInitial
    sys.o(i.sysIrqHandler) refers to sys.o(.data) for sysIrqHandlerTable
    sys.o(.data) refers to sys.o(i.SYS_Interrupt_Shell) for SYS_Interrupt_Shell
    sys_timer.o(i.sysClearTimerEvent) refers to sys_timer.o(.bss) for tTime0Event
    sys_timer.o(i.sysClearTimerEvent) refers to sys_timer.o(.data) for _sys_uTime0EventCount
    sys_timer.o(i.sysDOS_Time_To_UTC) refers to sys_timer.o(.data) for month_seconds
    sys_timer.o(i.sysDelay) refers to sys_timer.o(i.sysStartTimer) for sysStartTimer
    sys_timer.o(i.sysDelay) refers to sys_timer.o(i.sysGetTicks) for sysGetTicks
    sys_timer.o(i.sysDelay) refers to sys_timer.o(.data) for _sys_bIsTimer0Initial
    sys_timer.o(i.sysGetCurrentTime) refers to aeabi_sdiv.o(.text_udiv) for __aeabi_uidivmod
    sys_timer.o(i.sysGetCurrentTime) refers to sys_timer.o(i.sysUTC_To_DOS_Time) for sysUTC_To_DOS_Time
    sys_timer.o(i.sysGetCurrentTime) refers to sys_timer.o(.data) for _sys_uTimer0Count
    sys_timer.o(i.sysGetTicks) refers to sys_timer.o(.data) for _sys_uTimer0Count
    sys_timer.o(i.sysInstallWatchDogTimerISR) refers to sys.o(i.sysInstallISR) for sysInstallISR
    sys_timer.o(i.sysInstallWatchDogTimerISR) refers to sys.o(i.sysEnableInterrupt) for sysEnableInterrupt
    sys_timer.o(i.sysInstallWatchDogTimerISR) refers to sys.o(i.sysSetLocalInterrupt) for sysSetLocalInterrupt
    sys_timer.o(i.sysResetTicks) refers to sys_timer.o(.data) for _sys_uTimer0Count
    sys_timer.o(i.sysSetLocalTime) refers to sys_timer.o(i.sysDOS_Time_To_UTC) for sysDOS_Time_To_UTC
    sys_timer.o(i.sysSetLocalTime) refers to sys_timer.o(.data) for _sys_uTimer0Count
    sys_timer.o(i.sysSetTimerEvent) refers to sys_timer.o(.data) for _sys_bIsSetTime0Event
    sys_timer.o(i.sysSetTimerEvent) refers to sys_timer.o(.bss) for tTime0Event
    sys_timer.o(i.sysSetTimerReferenceClock) refers to sys_timer.o(.data) for _sys_uTimer0ClockRate
    sys_timer.o(i.sysStartTimer) refers to sys.o(i.sysInstallISR) for sysInstallISR
    sys_timer.o(i.sysStartTimer) refers to sys.o(i.sysEnableInterrupt) for sysEnableInterrupt
    sys_timer.o(i.sysStartTimer) refers to aeabi_sdiv.o(.text_udiv) for __aeabi_uidivmod
    sys_timer.o(i.sysStartTimer) refers to sys.o(i.sysSetLocalInterrupt) for sysSetLocalInterrupt
    sys_timer.o(i.sysStartTimer) refers to sys_timer.o(.data) for _sys_bIsTimer0Initial
    sys_timer.o(i.sysStartTimer) refers to sys_timer.o(.bss) for tTime0Event
    sys_timer.o(i.sysStartTimer) refers to sys_timer.o(i.sysTimer0ISR) for sysTimer0ISR
    sys_timer.o(i.sysStartTimer) refers to sys_timer.o(i.sysTimer1ISR) for sysTimer1ISR
    sys_timer.o(i.sysStopTimer) refers to sys.o(i.sysDisableInterrupt) for sysDisableInterrupt
    sys_timer.o(i.sysStopTimer) refers to sys.o(i.sysInstallISR) for sysInstallISR
    sys_timer.o(i.sysStopTimer) refers to sys_timer.o(.data) for _sys_bIsTimer0Initial
    sys_timer.o(i.sysTimer0ISR) refers to sys_timer.o(.data) for _sys_uTimer0Count
    sys_timer.o(i.sysTimer0ISR) refers to sys_timer.o(.bss) for tTime0Event
    sys_timer.o(i.sysTimer1ISR) refers to sys_timer.o(.data) for _sys_uTimer1Count
    sys_timer.o(i.sysTimer1ISR) refers to sys_timer.o(.bss) for tTime1Event
    sys_timer.o(i.sysUTC_To_DOS_Time) refers to aeabi_sdiv.o(.text_udiv) for __aeabi_uidivmod
[...]
    uart.o(i.uartIoctl) refers to uart.o(.bss) for UART_DEV
    uart.o(i.uartIoctl) refers to uart.o(.data) for _uart_cCTSState1
    uart.o(i.uartOpen) refers to uart.o(i._uartConfigureUART) for _uartConfigureUART
    uart.o(i.uartOpen) refers to uart.o(.bss) for UART_DEV
    uart.o(i.uartRead) refers to uart.o(i._uartReadRxBuf) for _uartReadRxBuf
    uart.o(i.uartRead) refers to uart.o(.bss) for UART_DEV
    uart.o(i.uartRead) refers to uart.o(.data) for UARTRXBUFSIZE
    uart.o(i.uartRelease) refers to uart.o(i._uartDisableInterrupt) for _uartDisableInterrupt
    uart.o(i.uartRelease) refers to h1_free.o(.text) for free
    uart.o(i.uartRelease) refers to uart.o(.bss) for UART_DEV
    uart.o(i.uartWrite) refers to uart.o(i._uartCheckTxBufSpace) for _uartCheckTxBufSpace
    uart.o(i.uartWrite) refers to uart.o(i._uartWriteTxBuf) for _uartWriteTxBuf
    uart.o(i.uartWrite) refers to uart.o(.bss) for UART_DEV
    startup_nuc970.o(NUC_INIT) refers to __main.o(!!!main) for __main
    malloc.o(.text) refers (Special) to hguard.o(.text) for __heap$guard
    malloc.o(.text) refers (Special) to init_alloc.o(.text) for _init_alloc
    malloc.o(.text) refers to rt_heap_descriptor.o(.text) for __rt_heap_descriptor
    free.o(.text) refers (Special) to hguard.o(.text) for __heap$guard
    free.o(.text) refers to rt_heap_descriptor.o(.text) for __rt_heap_descriptor
    h1_alloc.o(.text) refers (Special) to h1_init.o(.text) for __Heap_Initialize
    h1_alloc.o(.text) refers to rt_heap_descriptor.o(.text) for __rt_heap_descriptor
    h1_alloc.o(.text) refers to init_alloc.o(.text) for __Heap_Full
    h1_free.o(.text) refers to rt_heap_descriptor.o(.text) for __rt_heap_descriptor
    h1_alloc_mt.o(.text) refers (Special) to h1_init.o(.text) for __Heap_Initialize
    h1_alloc_mt.o(.text) refers to init_alloc.o(.text) for __Heap_Full
    h1_alloc_mt.o(.text) refers to rt_heap_descriptor.o(.text) for __rt_heap_descriptor
    h1_free_mt.o(.text) refers to rt_heap_descriptor.o(.text) for __rt_heap_descriptor
    heap2.o(i._FDIterate) refers to heap2.o(.conststring) for .conststring
    heap2.o(i.___Heap_ProvideMemory$realtime) refers to fdtree.o(i._FDTree_Delete) for _FDTree_Delete
    heap2.o(i.___Heap_ProvideMemory$realtime) refers to fdtree.o(i._FDTree_Insert) for _FDTree_Insert
    heap2.o(i.___Heap_Stats$realtime) refers to heap2.o(i._Heap2_StatsIterate) for _Heap2_StatsIterate
    heap2.o(i.___Heap_Stats$realtime) refers to aeabi_sdiv.o(.text_udiv) for __aeabi_uidivmod
    heap2.o(i.___Heap_Valid$realtime) refers to heap2.o(i._FDIterate) for _FDIterate
    heap2.o(i.___Heap_Valid$realtime) refers to heap2.o(.conststring) for .conststring
    heap2.o(i._free$realtime) refers to rt_heap_descriptor.o(.text) for __rt_heap_descriptor
    heap2.o(i._free$realtime) refers to fdtree.o(i._FDTree_Delete) for _FDTree_Delete
    heap2.o(i._free$realtime) refers to fdtree.o(i._FDTree_Insert) for _FDTree_Insert
    heap2.o(i._malloc$realtime) refers to rt_heap_descriptor.o(.text) for __rt_heap_descriptor
    heap2.o(i._malloc$realtime) refers to fdtree.o(i._FDTree_FindFirst) for _FDTree_FindFirst
    heap2.o(i._malloc$realtime) refers to init_alloc.o(.text) for __Heap_Full
    heap2.o(i._malloc$realtime) refers to fdtree.o(i._FDTree_RemoveNode) for _FDTree_RemoveNode
    heap2.o(i._malloc$realtime) refers to fdtree.o(i._FDTree_Insert) for _FDTree_Insert
    heap2.o(i._posix_memalign$realtime) refers to rt_heap_descriptor.o(.text) for __rt_heap_descriptor
    heap2.o(i._posix_memalign$realtime) refers to fdtree.o(i._FDTree_FindFirst) for _FDTree_FindFirst
    heap2.o(i._posix_memalign$realtime) refers to init_alloc.o(.text) for __Heap_Full
    heap2.o(i._posix_memalign$realtime) refers to fdtree.o(i._FDTree_RemoveNode) for _FDTree_RemoveNode
    heap2.o(i._posix_memalign$realtime) refers to fdtree.o(i._FDTree_Insert) for _FDTree_Insert
    heap2.o(i._realloc$realtime) refers to rt_heap_descriptor.o(.text) for __rt_heap_descriptor
    heap2.o(i._realloc$realtime) refers to h1_free.o(.text) for free
    heap2.o(i._realloc$realtime) refers to h1_alloc.o(.text) for malloc
    heap2.o(i._realloc$realtime) refers to fdtree.o(i._FDTree_Delete) for _FDTree_Delete
    heap2.o(i._realloc$realtime) refers to fdtree.o(i._FDTree_Insert) for _FDTree_Insert
    heap2.o(i._realloc$realtime) refers to rt_memcpy_w.o(.text) for __aeabi_memcpy4
    heap2mt.o(i._FDIterate) refers to heap2mt.o(.conststring) for .conststring
    heap2mt.o(i.___Heap_Initialize$realtime$concurrent) refers to mutex_dummy.o(.text) for _mutex_initialize
    heap2mt.o(i.___Heap_ProvideMemory$realtime$concurrent) refers to fdtree.o(i._FDTree_Delete) for _FDTree_Delete
    heap2mt.o(i.___Heap_ProvideMemory$realtime$concurrent) refers to fdtree.o(i._FDTree_Insert) for _FDTree_Insert
    heap2mt.o(i.___Heap_Stats$realtime$concurrent) refers to heap2mt.o(i._Heap2_StatsIterate) for _Heap2_StatsIterate
    heap2mt.o(i.___Heap_Stats$realtime$concurrent) refers to aeabi_sdiv.o(.text_udiv) for __aeabi_uidivmod
    heap2mt.o(i.___Heap_Valid$realtime$concurrent) refers to heap2mt.o(i._FDIterate) for _FDIterate
    heap2mt.o(i.___Heap_Valid$realtime$concurrent) refers to heap2mt.o(.conststring) for .conststring
    heap2mt.o(i._free$realtime$concurrent) refers to rt_heap_descriptor.o(.text) for __rt_heap_descriptor
    heap2mt.o(i._free$realtime$concurrent) refers to fdtree.o(i._FDTree_Delete) for _FDTree_Delete
    heap2mt.o(i._free$realtime$concurrent) refers to fdtree.o(i._FDTree_Insert) for _FDTree_Insert
    heap2mt.o(i._malloc$realtime$concurrent) refers to rt_heap_descriptor.o(.text) for __rt_heap_descriptor
    heap2mt.o(i._malloc$realtime$concurrent) refers to fdtree.o(i._FDTree_FindFirst) for _FDTree_FindFirst
    heap2mt.o(i._malloc$realtime$concurrent) refers to init_alloc.o(.text) for __Heap_Full
    heap2mt.o(i._malloc$realtime$concurrent) refers to fdtree.o(i._FDTree_RemoveNode) for _FDTree_RemoveNode
    heap2mt.o(i._malloc$realtime$concurrent) refers to fdtree.o(i._FDTree_Insert) for _FDTree_Insert
    heap2mt.o(i._posix_memalign$realtime$concurrent) refers to rt_heap_descriptor.o(.text) for __rt_heap_descriptor
    heap2mt.o(i._posix_memalign$realtime$concurrent) refers to fdtree.o(i._FDTree_FindFirst) for _FDTree_FindFirst
    heap2mt.o(i._posix_memalign$realtime$concurrent) refers to init_alloc.o(.text) for __Heap_Full
    heap2mt.o(i._posix_memalign$realtime$concurrent) refers to fdtree.o(i._FDTree_RemoveNode) for _FDTree_RemoveNode
    heap2mt.o(i._posix_memalign$realtime$concurrent) refers to fdtree.o(i._FDTree_Insert) for _FDTree_Insert
    heap2mt.o(i._realloc$realtime$concurrent) refers to rt_heap_descriptor.o(.text) for __rt_heap_descriptor
    heap2mt.o(i._realloc$realtime$concurrent) refers to h1_free.o(.text) for free
    heap2mt.o(i._realloc$realtime$concurrent) refers to h1_alloc.o(.text) for malloc
    heap2mt.o(i._realloc$realtime$concurrent) refers to fdtree.o(i._FDTree_Delete) for _FDTree_Delete
    heap2mt.o(i._realloc$realtime$concurrent) refers to fdtree.o(i._FDTree_Insert) for _FDTree_Insert
    heap2mt.o(i._realloc$realtime$concurrent) refers to rt_memcpy_w.o(.text) for __aeabi_memcpy4
    rt_memcpy.o(.text) refers to rt_memcpy_w.o(.text) for __aeabi_memcpy4
    rt_memclr.o(.text) refers to rt_memclr_w.o(.text) for _memset_w
    aeabi_sdiv.o(.text_udiv) refers to aeabi_sdiv.o(.text) for __arm_div2
    aeabi_sdiv_div0.o(.text_udiv) refers to aeabi_sdiv_div0.o(.text) for __arm_div2
    __main.o(!!!main) refers to __rtentry.o(.ARM.Collect$$rtentry$$00000000) for __rt_entry
    __rtentry.o(.ARM.Collect$$rtentry$$00000000) refers (Special) to __rtentry2.o(.ARM.Collect$$rtentry$$0000000A) for __rt_entry_li
    __rtentry.o(.ARM.Collect$$rtentry$$00000000) refers (Special) to __rtentry2.o(.ARM.Collect$$rtentry$$0000000D) for __rt_entry_main
    __rtentry.o(.ARM.Collect$$rtentry$$00000000) refers (Special) to __rtentry2.o(.ARM.Collect$$rtentry$$0000000C) for __rt_entry_postli_1
    __rtentry.o(.ARM.Collect$$rtentry$$00000000) refers (Special) to __rtentry2.o(.ARM.Collect$$rtentry$$00000009) for __rt_entry_postsh_1
    __rtentry.o(.ARM.Collect$$rtentry$$00000000) refers (Special) to __rtentry2.o(.ARM.Collect$$rtentry$$00000002) for __rt_entry_presh_1
    __rtentry.o(.ARM.Collect$$rtentry$$00000000) refers (Special) to __rtentry4.o(.ARM.Collect$$rtentry$$00000004) for __rt_entry_sh
    aeabi_idiv0_sigfpe.o(.text) refers to rt_div0.o(.text) for __rt_div0
    rt_heap_descriptor.o(.text) refers to rt_heap_descriptor.o(.bss) for __rt_heap_descriptor_data
    rt_heap_descriptor_intlibspace.o(.text) refers to libspace.o(.bss) for __libspace_start
    init_alloc.o(.text) refers (Special) to hguard.o(.text) for __heap$guard
    init_alloc.o(.text) refers (Special) to libinit2.o(.ARM.Collect$$libinit$$00000005) for __rt_lib_init_heap_2
    init_alloc.o(.text) refers (Special) to maybetermalloc1.o(.emb_text) for _maybe_terminate_alloc
    init_alloc.o(.text) refers to heapauxa.o(.text) for __rt_heap_expand
    init_alloc.o(.text) refers to h1_extend.o(.text) for __Heap_ProvideMemory
    init_alloc.o(.text) refers to defsig_rtmem_outer.o(.text) for __rt_SIGRTMEM
    init_alloc.o(.text) refers to rt_heap_descriptor.o(.text) for __rt_heap_descriptor
    init_alloc.o(.text) refers to h1_init.o(.text) for __Heap_Initialize
    h1_init_mt.o(.text) refers to mutex_dummy.o(.text) for _mutex_initialize
    _get_argv.o(.text) refers (Special) to hrguard.o(.text) for __heap_region$guard
    _get_argv.o(.text) refers to h1_alloc.o(.text) for malloc
    _get_argv.o(.text) refers to defsig_rtmem_outer.o(.text) for __rt_SIGRTMEM
    _get_argv.o(.text) refers to sys_command.o(.text) for _sys_command_string
    libinit2.o(.ARM.Collect$$libinit$$00000001) refers to fpinit.o(x$fpl$fpinit) for _fp_init
    libinit2.o(.ARM.Collect$$libinit$$00000005) refers (Weak) to init_alloc.o(.text) for _init_alloc
    libinit2.o(.ARM.Collect$$libinit$$00000010) refers to libinit2.o(.ARM.Collect$$libinit$$0000000F) for .ARM.Collect$$libinit$$0000000F
    libinit2.o(.ARM.Collect$$libinit$$00000012) refers to libinit2.o(.ARM.Collect$$libinit$$0000000F) for .ARM.Collect$$libinit$$0000000F
    libinit2.o(.ARM.Collect$$libinit$$00000014) refers to libinit2.o(.ARM.Collect$$libinit$$0000000F) for .ARM.Collect$$libinit$$0000000F
    libinit2.o(.ARM.Collect$$libinit$$00000016) refers to libinit2.o(.ARM.Collect$$libinit$$0000000F) for .ARM.Collect$$libinit$$0000000F
    libinit2.o(.ARM.Collect$$libinit$$00000018) refers to libinit2.o(.ARM.Collect$$libinit$$0000000F) for .ARM.Collect$$libinit$$0000000F
    libinit2.o(.ARM.Collect$$libinit$$00000026) refers to argv_veneer.o(.emb_text) for __ARM_argv_veneer
    libinit2.o(.ARM.Collect$$libinit$$00000027) refers to argv_veneer.o(.emb_text) for __ARM_argv_veneer
    sys_command.o(.text) refers (Special) to use_no_semi.o(.text) for __I$use$semihosting
    sys_command.o(.text) refers (Special) to indicate_semi.o(.text) for __semihosting_library_function
    libspace.o(.text) refers to libspace.o(.bss) for __libspace_start
    __rtentry2.o(.ARM.Collect$$rtentry$$00000008) refers to boardinit2.o(.text) for _platform_post_stackheap_init
    __rtentry2.o(.ARM.Collect$$rtentry$$0000000A) refers to libinit.o(.ARM.Collect$$libinit$$00000000) for __rt_lib_init
    __rtentry2.o(.ARM.Collect$$rtentry$$0000000B) refers to boardinit3.o(.text) for _platform_post_lib_init
    __rtentry2.o(.ARM.Collect$$rtentry$$0000000D) refers to exit.o(.text) for exit
    __rtentry2.o(.ARM.Collect$$rtentry$$0000000D) refers to main.o(i.main) for main
    __rtentry2.o(.ARM.exidx) refers to __rtentry2.o(.ARM.Collect$$rtentry$$00000001) for .ARM.Collect$$rtentry$$00000001
    __rtentry2.o(.ARM.exidx) refers to __rtentry2.o(.ARM.Collect$$rtentry$$00000008) for .ARM.Collect$$rtentry$$00000008
    __rtentry2.o(.ARM.exidx) refers to __rtentry2.o(.ARM.Collect$$rtentry$$0000000A) for .ARM.Collect$$rtentry$$0000000A
    __rtentry2.o(.ARM.exidx) refers to __rtentry2.o(.ARM.Collect$$rtentry$$0000000B) for .ARM.Collect$$rtentry$$0000000B
    __rtentry2.o(.ARM.exidx) refers to __rtentry2.o(.ARM.Collect$$rtentry$$0000000D) for .ARM.Collect$$rtentry$$0000000D
    __rtentry4.o(.ARM.Collect$$rtentry$$00000004) refers to standalone.o(i.__user_setup_stackheap) for __user_setup_stackheap
    __rtentry4.o(.ARM.exidx) refers to __rtentry4.o(.ARM.Collect$$rtentry$$00000004) for .ARM.Collect$$rtentry$$00000004
    rt_div0.o(.text) refers to defsig_fpe_outer.o(.text) for __rt_SIGFPE
    maybetermalloc2.o(.emb_text) refers (Special) to term_alloc.o(.text) for _terminate_alloc
    h1_extend.o(.text) refers to h1_free.o(.text) for free
    h1_extend_mt.o(.text) refers to h1_free_mt.o(.text) for _free_internal
    defsig_rtmem_outer.o(.text) refers to defsig_rtmem_inner.o(.text) for __rt_SIGRTMEM_inner
    defsig_rtmem_outer.o(.text) refers to defsig_exit.o(.text) for __sig_exit
    defsig_rtmem_formal.o(.text) refers to rt_raise.o(.text) for __rt_raise
    heapauxa.o(.text) refers to heapauxa.o(.data) for .data
    argv_veneer.o(.emb_text) refers to no_argv.o(.text) for __ARM_get_argv
    rt_raise.o(.text) refers to __raise.o(.text) for __raise
    rt_raise.o(.text) refers to standalone.o(i._sys_exit) for _sys_exit
    term_alloc.o(.text) refers (Special) to libshutdown2.o(.ARM.Collect$$libshutdown$$0000000E) for __rt_lib_shutdown_heap_2
    term_alloc.o(.text) refers to rt_heap_descriptor.o(.text) for __rt_heap_descriptor
    exit.o(.text) refers to rtexit.o(.ARM.Collect$$rtexit$$00000000) for __rt_exit
    defsig_exit.o(.text) refers to standalone.o(i._sys_exit) for _sys_exit
    defsig_fpe_outer.o(.text) refers to defsig_fpe_inner.o(.text) for __rt_SIGFPE_inner
    defsig_fpe_outer.o(.text) refers to defsig_exit.o(.text) for __sig_exit
    defsig_fpe_formal.o(.text) refers to rt_raise.o(.text) for __rt_raise
    defsig_rtmem_inner.o(.text) refers to defsig_general.o(.text) for __default_signal_display
    _get_argv_nomalloc.o(.text) refers (Special) to hrguard.o(.text) for __heap_region$guard
    _get_argv_nomalloc.o(.text) refers to defsig_rtmem_outer.o(.text) for __rt_SIGRTMEM
    _get_argv_nomalloc.o(.text) refers to sys_command.o(.text) for _sys_command_string
    libinit.o(.ARM.Collect$$libinit$$00000000) refers (Special) to libinit2.o(.ARM.Collect$$libinit$$0000002E) for __rt_lib_init_alloca_1
    libinit.o(.ARM.Collect$$libinit$$00000000) refers (Special) to libinit2.o(.ARM.Collect$$libinit$$0000002C) for __rt_lib_init_argv_1
    libinit.o(.ARM.Collect$$libinit$$00000000) refers (Special) to libinit2.o(.ARM.Collect$$libinit$$0000001B) for __rt_lib_init_atexit_1
    libinit.o(.ARM.Collect$$libinit$$00000000) refers (Special) to libinit2.o(.ARM.Collect$$libinit$$00000021) for __rt_lib_init_clock_1
    libinit.o(.ARM.Collect$$libinit$$00000000) refers (Special) to libinit2.o(.ARM.Collect$$libinit$$00000032) for __rt_lib_init_cpp_1
    libinit.o(.ARM.Collect$$libinit$$00000000) refers (Special) to libinit2.o(.ARM.Collect$$libinit$$00000030) for __rt_lib_init_exceptions_1
    libinit.o(.ARM.Collect$$libinit$$00000000) refers (Special) to libinit2.o(.ARM.Collect$$libinit$$00000002) for __rt_lib_init_fp_1
    libinit.o(.ARM.Collect$$libinit$$00000000) refers (Special) to libinit2.o(.ARM.Collect$$libinit$$0000001F) for __rt_lib_init_fp_trap_1
    libinit.o(.ARM.Collect$$libinit$$00000000) refers (Special) to libinit2.o(.ARM.Collect$$libinit$$00000023) for __rt_lib_init_getenv_1
    libinit.o(.ARM.Collect$$libinit$$00000000) refers (Special) to libinit2.o(.ARM.Collect$$libinit$$0000000A) for __rt_lib_init_heap_1
    libinit.o(.ARM.Collect$$libinit$$00000000) refers (Special) to libinit2.o(.ARM.Collect$$libinit$$00000011) for __rt_lib_init_lc_collate_1
    libinit.o(.ARM.Collect$$libinit$$00000000) refers (Special) to libinit2.o(.ARM.Collect$$libinit$$00000013) for __rt_lib_init_lc_ctype_1
    libinit.o(.ARM.Collect$$libinit$$00000000) refers (Special) to libinit2.o(.ARM.Collect$$libinit$$00000015) for __rt_lib_init_lc_monetary_1
    libinit.o(.ARM.Collect$$libinit$$00000000) refers (Special) to libinit2.o(.ARM.Collect$$libinit$$00000017) for __rt_lib_init_lc_numeric_1
    libinit.o(.ARM.Collect$$libinit$$00000000) refers (Special) to libinit2.o(.ARM.Collect$$libinit$$00000019) for __rt_lib_init_lc_time_1
    libinit.o(.ARM.Collect$$libinit$$00000000) refers (Special) to libinit2.o(.ARM.Collect$$libinit$$00000004) for __rt_lib_init_preinit_1
    libinit.o(.ARM.Collect$$libinit$$00000000) refers (Special) to libinit2.o(.ARM.Collect$$libinit$$0000000E) for __rt_lib_init_rand_1
    libinit.o(.ARM.Collect$$libinit$$00000000) refers (Special) to libinit2.o(.ARM.Collect$$libinit$$00000033) for __rt_lib_init_return
    libinit.o(.ARM.Collect$$libinit$$00000000) refers (Special) to libinit2.o(.ARM.Collect$$libinit$$0000001D) for __rt_lib_init_signal_1
    libinit.o(.ARM.Collect$$libinit$$00000000) refers (Special) to libinit2.o(.ARM.Collect$$libinit$$00000025) for __rt_lib_init_stdio_1
    libinit.o(.ARM.Collect$$libinit$$00000000) refers (Special) to libinit2.o(.ARM.Collect$$libinit$$0000000C) for __rt_lib_init_user_alloc_1
    rtexit.o(.ARM.Collect$$rtexit$$00000000) refers (Special) to rtexit2.o(.ARM.Collect$$rtexit$$00000004) for __rt_exit_exit
    rtexit.o(.ARM.Collect$$rtexit$$00000000) refers (Special) to rtexit2.o(.ARM.Collect$$rtexit$$00000003) for __rt_exit_ls
    rtexit.o(.ARM.Collect$$rtexit$$00000000) refers (Special) to rtexit2.o(.ARM.Collect$$rtexit$$00000002) for __rt_exit_prels_1
    rtexit.o(.ARM.exidx) refers (Special) to rtexit2.o(.ARM.Collect$$rtexit$$00000004) for __rt_exit_exit
    rtexit.o(.ARM.exidx) refers (Special) to rtexit2.o(.ARM.Collect$$rtexit$$00000003) for __rt_exit_ls
    rtexit.o(.ARM.exidx) refers (Special) to rtexit2.o(.ARM.Collect$$rtexit$$00000002) for __rt_exit_prels_1
    rtexit.o(.ARM.exidx) refers to rtexit.o(.ARM.Collect$$rtexit$$00000000) for .ARM.Collect$$rtexit$$00000000
    __raise.o(.text) refers to defsig.o(CL$$defsig) for __default_signal_handler
    defsig_general.o(.text) refers to standalone.o(i._ttywrch) for _ttywrch
    defsig_fpe_inner.o(.text) refers to defsig_general.o(.text) for __default_signal_display
    libshutdown2.o(.ARM.Collect$$libshutdown$$0000000D) refers (Weak) to term_alloc.o(.text) for _terminate_alloc
    rtexit2.o(.ARM.Collect$$rtexit$$00000003) refers to libshutdown.o(.ARM.Collect$$libshutdown$$00000000) for __rt_lib_shutdown
    rtexit2.o(.ARM.Collect$$rtexit$$00000004) refers to standalone.o(i._sys_exit) for _sys_exit
    rtexit2.o(.ARM.exidx) refers to rtexit2.o(.ARM.Collect$$rtexit$$00000001) for .ARM.Collect$$rtexit$$00000001
    rtexit2.o(.ARM.exidx) refers to rtexit2.o(.ARM.Collect$$rtexit$$00000003) for .ARM.Collect$$rtexit$$00000003
    rtexit2.o(.ARM.exidx) refers to rtexit2.o(.ARM.Collect$$rtexit$$00000004) for .ARM.Collect$$rtexit$$00000004
    defsig.o(CL$$defsig) refers to defsig_fpe_inner.o(.text) for __rt_SIGFPE_inner
    defsig.o(CL$$defsig) refers to defsig_rtmem_inner.o(.text) for __rt_SIGRTMEM_inner
    defsig_abrt_inner.o(.text) refers to defsig_general.o(.text) for __default_signal_display
    defsig_rtred_inner.o(.text) refers to defsig_general.o(.text) for __default_signal_display
    defsig_stak_inner.o(.text) refers to defsig_general.o(.text) for __default_signal_display
    defsig_pvfn_inner.o(.text) refers to defsig_general.o(.text) for __default_signal_display
    defsig_cppl_inner.o(.text) refers to defsig_general.o(.text) for __default_signal_display
    defsig_segv_inner.o(.text) refers to defsig_general.o(.text) for __default_signal_display
    defsig_other.o(.text) refers to defsig_general.o(.text) for __default_signal_display
    libshutdown.o(.ARM.Collect$$libshutdown$$00000000) refers (Special) to libshutdown2.o(.ARM.Collect$$libshutdown$$00000002) for __rt_lib_shutdown_cpp_1
    libshutdown.o(.ARM.Collect$$libshutdown$$00000000) refers (Special) to libshutdown2.o(.ARM.Collect$$libshutdown$$00000007) for __rt_lib_shutdown_fp_trap_1
    libshutdown.o(.ARM.Collect$$libshutdown$$00000000) refers (Special) to libshutdown2.o(.ARM.Collect$$libshutdown$$0000000F) for __rt_lib_shutdown_heap_1
    libshutdown.o(.ARM.Collect$$libshutdown$$00000000) refers (Special) to libshutdown2.o(.ARM.Collect$$libshutdown$$00000010) for __rt_lib_shutdown_return
    libshutdown.o(.ARM.Collect$$libshutdown$$00000000) refers (Special) to libshutdown2.o(.ARM.Collect$$libshutdown$$0000000A) for __rt_lib_shutdown_signal_1
    libshutdown.o(.ARM.Collect$$libshutdown$$00000000) refers (Special) to libshutdown2.o(.ARM.Collect$$libshutdown$$00000004) for __rt_lib_shutdown_stdio_1
    libshutdown.o(.ARM.Collect$$libshutdown$$00000000) refers (Special) to libshutdown2.o(.ARM.Collect$$libshutdown$$0000000C) for __rt_lib_shutdown_user_alloc_1


==============================================================================

Removing Unused input sections from the image.

    Removing main.o(.bss), (32 bytes).
    Removing sys.o(i.sysDisableInterrupt), (88 bytes).
    Removing sys.o(i.sysGetClock), (984 bytes).
    Removing sys.o(i.sysGetIBitState), (32 bytes).
    Removing sys.o(i.sysGetInterruptEnableStatus), (16 bytes).
    Removing sys.o(i.sysGetInterruptEnableStatusH), (16 bytes).
    Removing sys.o(i.sysGetPLL), (68 bytes).
    Removing sys.o(i.sysInstallExceptionHandler), (140 bytes).
    Removing sys.o(i.sysInstallFiqHandler), (20 bytes).
    Removing sys.o(i.sysInstallIrqHandler), (20 bytes).
    Removing sys.o(i.sysSetGlobalInterrupt), (96 bytes).
    Removing sys.o(i.sysSetInterruptPriorityLevel), (116 bytes).
    Removing sys.o(i.sysSetInterruptType), (116 bytes).
    Removing sys_timer.o(i.sysClearTimerEvent), (204 bytes).
    Removing sys_timer.o(i.sysClearWatchDogTimerCount), (48 bytes).
    Removing sys_timer.o(i.sysClearWatchDogTimerInterruptStatus), (48 bytes).
    Removing sys_timer.o(i.sysDOS_Time_To_UTC), (324 bytes).
    Removing sys_timer.o(i.sysDelay), (100 bytes).
    Removing sys_timer.o(i.sysDisableWatchDogTimer), (48 bytes).
    Removing sys_timer.o(i.sysDisableWatchDogTimerReset), (48 bytes).
    Removing sys_timer.o(i.sysEnableWatchDogTimer), (48 bytes).
    Removing sys_timer.o(i.sysEnableWatchDogTimerReset), (48 bytes).
    Removing sys_timer.o(i.sysGetCurrentTime), (84 bytes).
    Removing sys_timer.o(i.sysGetTicks), (84 bytes).
    Removing sys_timer.o(i.sysInstallWatchDogTimerISR), (100 bytes).
    Removing sys_timer.o(i.sysResetTicks), (92 bytes).
    Removing sys_timer.o(i.sysSetLocalTime), (76 bytes).
    Removing sys_timer.o(i.sysSetTimerEvent), (424 bytes).
    Removing sys_timer.o(i.sysSetTimerReferenceClock), (84 bytes).
    Removing sys_timer.o(i.sysSetWatchDogTimerInterval), (60 bytes).
    Removing sys_timer.o(i.sysStartTimer), (496 bytes).
    Removing sys_timer.o(i.sysStopTimer), (244 bytes).
    Removing sys_timer.o(i.sysTimer0ISR), (280 bytes).
    Removing sys_timer.o(i.sysTimer1ISR), (280 bytes).
    Removing sys_timer.o(i.sysUTC_To_DOS_Time), (356 bytes).
    Removing sys_timer.o(i.sysUpdateTickCount), (84 bytes).
    Removing sys_timer.o(.bss), (320 bytes).
    Removing sys_timer.o(.data), (96 bytes).
    Removing sys_uart.o(i.sysGetChar), (64 bytes).
    Removing sys_uart.o(i.sysInitializeUART), (80 bytes).
    Removing sys_uart.o(i.sysIsKbHit), (36 bytes).
    Removing sys_uart.o(i.sysPutChar), (36 bytes).
    Removing system_nuc970.o(i._sysLockCode), (136 bytes).
    Removing system_nuc970.o(i._sysUnLockCode), (20 bytes).
    Removing system_nuc970.o(i.sysFlushCache), (112 bytes).
    Removing system_nuc970.o(i.sysGetCacheMode), (16 bytes).
    Removing system_nuc970.o(i.sysGetPhyPageAddr), (112 bytes).
    Removing system_nuc970.o(i.sysSetCachePages), (288 bytes).
    Removing uart.o(i._uartCheckTxBufSpace), (148 bytes).
    Removing uart.o(i._uartReadRxBuf), (216 bytes).
    Removing uart.o(i._uartWriteTxBuf), (192 bytes).
    Removing uart.o(i.uartInit), (172 bytes).
    Removing uart.o(i.uartRead), (120 bytes).
    Removing uart.o(i.uartRelease), (128 bytes).
    Removing uart.o(i.uartWrite), (172 bytes).

55 unused section(s) (total 7868 bytes) removed from the image.

==============================================================================

Image Symbol Table

    Local Symbols

    Symbol Name                              Value     Ov Type        Size  Object(Section)

    NUC_INIT                                 0x00000000   Section      176  startup_nuc970.o(NUC_INIT)
    ../clib/angel/boardlib.s                 0x00000000   Number         0  boardinit2.o ABSOLUTE
    ../clib/angel/boardlib.s                 0x00000000   Number         0  boardshut.o ABSOLUTE
    ../clib/angel/boardlib.s                 0x00000000   Number         0  boardinit1.o ABSOLUTE
    ../clib/angel/boardlib.s                 0x00000000   Number         0  boardinit3.o ABSOLUTE
    ../clib/angel/dczerorl2.s                0x00000000   Number         0  __dczerorl2.o ABSOLUTE
    ../clib/angel/handlers.s                 0x00000000   Number         0  __scatter_copy.o ABSOLUTE
    ../clib/angel/handlers.s                 0x00000000   Number         0  __scatter_zi.o ABSOLUTE
    ../clib/angel/kernel.s                   0x00000000   Number         0  rtexit2.o ABSOLUTE
    ../clib/angel/kernel.s                   0x00000000   Number         0  __rtentry.o ABSOLUTE
    ../clib/angel/kernel.s                   0x00000000   Number         0  __rtentry4.o ABSOLUTE
    ../clib/angel/kernel.s                   0x00000000   Number         0  __rtentry2.o ABSOLUTE
    ../clib/angel/kernel.s                   0x00000000   Number         0  rtexit.o ABSOLUTE
    ../clib/angel/rt.s                       0x00000000   Number         0  rt_raise.o ABSOLUTE
    ../clib/angel/rt.s                       0x00000000   Number         0  rt_div0.o ABSOLUTE
    ../clib/angel/rt.s                       0x00000000   Number         0  rt_heap_descriptor_intlibspace.o ABSOLUTE
    ../clib/angel/rt.s                       0x00000000   Number         0  rt_heap_descriptor.o ABSOLUTE
    ../clib/angel/rt.s                       0x00000000   Number         0  aeabi_idiv0_sigfpe.o ABSOLUTE
    ../clib/angel/rt.s                       0x00000000   Number         0  aeabi_idiv0.o ABSOLUTE
    ../clib/angel/scatter.s                  0x00000000   Number         0  __scatter.o ABSOLUTE
    ../clib/angel/startup.s                  0x00000000   Number         0  __main.o ABSOLUTE
    ../clib/angel/sys.s                      0x00000000   Number         0  indicate_semi.o ABSOLUTE
    ../clib/angel/sys.s                      0x00000000   Number         0  libspace.o ABSOLUTE
    ../clib/angel/sys.s                      0x00000000   Number         0  use_no_semi.o ABSOLUTE
    ../clib/angel/sys.s                      0x00000000   Number         0  mutex_dummy.o ABSOLUTE
    ../clib/angel/sysapp.c                   0x00000000   Number         0  sys_command.o ABSOLUTE
    ../clib/armsys.c                         0x00000000   Number         0  argv_veneer.o ABSOLUTE
    ../clib/armsys.c                         0x00000000   Number         0  argv_veneer.o ABSOLUTE
    ../clib/armsys.c                         0x00000000   Number         0  no_argv.o ABSOLUTE
    ../clib/armsys.c                         0x00000000   Number         0  _get_argv.o ABSOLUTE
    ../clib/armsys.c                         0x00000000   Number         0  _get_argv_nomalloc.o ABSOLUTE
    ../clib/division.s                       0x00000000   Number         0  aeabi_sdiv.o ABSOLUTE
    ../clib/division.s                       0x00000000   Number         0  aeabi_sdiv_div0.o ABSOLUTE
    ../clib/divrt.s                          0x00000000   Number         0  divrt_9e_div0.o ABSOLUTE
    ../clib/divrt.s                          0x00000000   Number         0  divrt_9e.o ABSOLUTE
    ../clib/heap1.c                          0x00000000   Number         0  h1_extend_mt.o ABSOLUTE
    ../clib/heap1.c                          0x00000000   Number         0  h1_init.o ABSOLUTE
    ../clib/heap1.c                          0x00000000   Number         0  h1_init_mt.o ABSOLUTE
    ../clib/heap1.c                          0x00000000   Number         0  h1_free.o ABSOLUTE
    ../clib/heap1.c                          0x00000000   Number         0  h1_alloc_mt.o ABSOLUTE
    ../clib/heap1.c                          0x00000000   Number         0  h1_alloc.o ABSOLUTE
    ../clib/heap1.c                          0x00000000   Number         0  h1_final_mt.o ABSOLUTE
    ../clib/heap1.c                          0x00000000   Number         0  h1_final.o ABSOLUTE
    ../clib/heap1.c                          0x00000000   Number         0  h1_extend.o ABSOLUTE
    ../clib/heap1.c                          0x00000000   Number         0  h1_free_mt.o ABSOLUTE
    ../clib/heap2.c                          0x00000000   Number         0  fdtree.o ABSOLUTE
    ../clib/heap2.c                          0x00000000   Number         0  heap2.o ABSOLUTE
    ../clib/heap2.c                          0x00000000   Number         0  heap2mt.o ABSOLUTE
    ../clib/heapalloc.c                      0x00000000   Number         0  init_alloc.o ABSOLUTE
    ../clib/heapalloc.c                      0x00000000   Number         0  heapstubs.o ABSOLUTE
    ../clib/heapalloc.c                      0x00000000   Number         0  maybetermalloc2.o ABSOLUTE
    ../clib/heapalloc.c                      0x00000000   Number         0  maybetermalloc2.o ABSOLUTE
    ../clib/heapalloc.c                      0x00000000   Number         0  maybetermalloc1.o ABSOLUTE
    ../clib/heapalloc.c                      0x00000000   Number         0  malloc.o ABSOLUTE
    ../clib/heapalloc.c                      0x00000000   Number         0  free.o ABSOLUTE
    ../clib/heapalloc.c                      0x00000000   Number         0  term_alloc.o ABSOLUTE
    ../clib/heapalloc.c                      0x00000000   Number         0  hguard.o ABSOLUTE
    ../clib/heapalloc.c                      0x00000000   Number         0  maybetermalloc1.o ABSOLUTE
    ../clib/heapalloc.c                      0x00000000   Number         0  hrguard.o ABSOLUTE
    ../clib/heapaux.c                        0x00000000   Number         0  heapauxi.o ABSOLUTE
    ../clib/heapaux.c                        0x00000000   Number         0  heapauxa.o ABSOLUTE
    ../clib/libinit.s                        0x00000000   Number         0  libinit.o ABSOLUTE
    ../clib/libinit.s                        0x00000000   Number         0  libshutdown2.o ABSOLUTE
    ../clib/libinit.s                        0x00000000   Number         0  libinit2.o ABSOLUTE
    ../clib/libinit.s                        0x00000000   Number         0  libshutdown.o ABSOLUTE
    ../clib/memcpset.s                       0x00000000   Number         0  rt_memcpy_w.o ABSOLUTE
    ../clib/memcpset.s                       0x00000000   Number         0  rt_memclr_w.o ABSOLUTE
    ../clib/memcpset.s                       0x00000000   Number         0  rt_memcpy.o ABSOLUTE
    ../clib/memcpset.s                       0x00000000   Number         0  rt_memclr.o ABSOLUTE
    ../clib/signal.c                         0x00000000   Number         0  defsig_other.o ABSOLUTE
    ../clib/signal.c                         0x00000000   Number         0  defsig_segv_inner.o ABSOLUTE
    ../clib/signal.c                         0x00000000   Number         0  defsig_cppl_inner.o ABSOLUTE
    ../clib/signal.c                         0x00000000   Number         0  defsig_stak_inner.o ABSOLUTE
    ../clib/signal.c                         0x00000000   Number         0  defsig_rtred_inner.o ABSOLUTE
    ../clib/signal.c                         0x00000000   Number         0  defsig_abrt_inner.o ABSOLUTE
    ../clib/signal.c                         0x00000000   Number         0  defsig_fpe_inner.o ABSOLUTE
    ../clib/signal.c                         0x00000000   Number         0  defsig_general.o ABSOLUTE
    ../clib/signal.c                         0x00000000   Number         0  defsig_rtmem_inner.o ABSOLUTE
    ../clib/signal.c                         0x00000000   Number         0  defsig_fpe_formal.o ABSOLUTE
    ../clib/signal.c                         0x00000000   Number         0  defsig_fpe_outer.o ABSOLUTE
    ../clib/signal.c                         0x00000000   Number         0  defsig_exit.o ABSOLUTE
    ../clib/signal.c                         0x00000000   Number         0  defsig_rtmem_formal.o ABSOLUTE
    ../clib/signal.c                         0x00000000   Number         0  defsig_rtmem_outer.o ABSOLUTE
    ../clib/signal.c                         0x00000000   Number         0  __raise.o ABSOLUTE
    ../clib/signal.c                         0x00000000   Number         0  defsig_pvfn_inner.o ABSOLUTE
    ../clib/signal.s                         0x00000000   Number         0  defsig.o ABSOLUTE
    ../clib/stdlib.c                         0x00000000   Number         0  exit.o ABSOLUTE
    ../clib/string.c                         0x00000000   Number         0  strlen.o ABSOLUTE
    ../fplib/fpinit.s                        0x00000000   Number         0  fpinit.o ABSOLUTE
    Driver\Source\standalone.c               0x00000000   Number         0  standalone.o ABSOLUTE
    Driver\Source\startup_NUC970.s           0x00000000   Number         0  startup_nuc970.o ABSOLUTE
    Driver\Source\sys.c                      0x00000000   Number         0  sys.o ABSOLUTE
    Driver\Source\sys_nuc970.s               0x00000000   Number         0  sys_nuc970.o ABSOLUTE
    Driver\Source\sys_timer.c                0x00000000   Number         0  sys_timer.o ABSOLUTE
    Driver\Source\sys_uart.c                 0x00000000   Number         0  sys_uart.o ABSOLUTE
    Driver\Source\system_nuc970.c            0x00000000   Number         0  system_nuc970.o ABSOLUTE
    Driver\Source\uart.c                     0x00000000   Number         0  uart.o ABSOLUTE
    dc.s                                     0x00000000   Number         0  dc.o ABSOLUTE
    main.c                                   0x00000000   Number         0  main.o ABSOLUTE
    Undefined_Handler                        0x00000040   ARM Code       0  startup_nuc970.o(NUC_INIT)
    SWI_Handler1                             0x00000044   ARM Code       0  startup_nuc970.o(NUC_INIT)
    Prefetch_Handler                         0x00000048   ARM Code       0  startup_nuc970.o(NUC_INIT)
    Abort_Handler                            0x0000004c   ARM Code       0  startup_nuc970.o(NUC_INIT)
    IRQ_Handler                              0x00000050   ARM Code       0  startup_nuc970.o(NUC_INIT)
    FIQ_Handler                              0x00000054   ARM Code       0  startup_nuc970.o(NUC_INIT)
    !!!main                                  0x000000b0   Section        8  __main.o(!!!main)
    !!!scatter                               0x000000b8   Section       60  __scatter.o(!!!scatter)
    !!dczerorl2                              0x000000f4   Section       92  __dczerorl2.o(!!dczerorl2)
    _decompress_loop                         0x000000ff   Thumb Code     0  __dczerorl2.o(!!dczerorl2)
    _decompress_zerolen                      0x0000010d   Thumb Code     0  __dczerorl2.o(!!dczerorl2)
    _decompress_litn                         0x00000115   Thumb Code     0  __dczerorl2.o(!!dczerorl2)
    _decompress_lit                          0x00000119   Thumb Code     0  __dczerorl2.o(!!dczerorl2)
    _decompress_copyorzero                   0x00000125   Thumb Code     0  __dczerorl2.o(!!dczerorl2)
    _decompress_zero                         0x0000012d   Thumb Code     0  __dczerorl2.o(!!dczerorl2)
    _decompress_copyn                        0x00000137   Thumb Code     0  __dczerorl2.o(!!dczerorl2)
    _decompress_copy                         0x0000013f   Thumb Code     0  __dczerorl2.o(!!dczerorl2)
    _decompress_end                          0x0000014b   Thumb Code     0  __dczerorl2.o(!!dczerorl2)
    !!handler_copy                           0x00000150   Section       40  __scatter_copy.o(!!handler_copy)
    !!handler_zi                             0x00000178   Section       44  __scatter_zi.o(!!handler_zi)
    .ARM.Collect$$libinit$$00000000          0x000001a4   Section        2  libinit.o(.ARM.Collect$$libinit$$00000000)
    .ARM.Collect$$libinit$$00000002          0x000001a6   Section        0  libinit2.o(.ARM.Collect$$libinit$$00000002)
    .ARM.Collect$$libinit$$00000004          0x000001a6   Section        0  libinit2.o(.ARM.Collect$$libinit$$00000004)
    .ARM.Collect$$libinit$$00000005          0x000001a6   Section        8  libinit2.o(.ARM.Collect$$libinit$$00000005)
    .ARM.Collect$$libinit$$0000000A          0x000001ae   Section        0  libinit2.o(.ARM.Collect$$libinit$$0000000A)
    .ARM.Collect$$libinit$$0000000C          0x000001ae   Section        0  libinit2.o(.ARM.Collect$$libinit$$0000000C)
    .ARM.Collect$$libinit$$0000000E          0x000001ae   Section        0  libinit2.o(.ARM.Collect$$libinit$$0000000E)
    .ARM.Collect$$libinit$$00000011          0x000001ae   Section        0  libinit2.o(.ARM.Collect$$libinit$$00000011)
    .ARM.Collect$$libinit$$00000013          0x000001ae   Section        0  libinit2.o(.ARM.Collect$$libinit$$00000013)
    .ARM.Collect$$libinit$$00000015          0x000001ae   Section        0  libinit2.o(.ARM.Collect$$libinit$$00000015)
    .ARM.Collect$$libinit$$00000017          0x000001ae   Section        0  libinit2.o(.ARM.Collect$$libinit$$00000017)
    .ARM.Collect$$libinit$$00000019          0x000001ae   Section        0  libinit2.o(.ARM.Collect$$libinit$$00000019)
    .ARM.Collect$$libinit$$0000001B          0x000001ae   Section        0  libinit2.o(.ARM.Collect$$libinit$$0000001B)
    .ARM.Collect$$libinit$$0000001D          0x000001ae   Section        0  libinit2.o(.ARM.Collect$$libinit$$0000001D)
    .ARM.Collect$$libinit$$0000001F          0x000001ae   Section        0  libinit2.o(.ARM.Collect$$libinit$$0000001F)
    .ARM.Collect$$libinit$$00000021          0x000001ae   Section        0  libinit2.o(.ARM.Collect$$libinit$$00000021)
    .ARM.Collect$$libinit$$00000023          0x000001ae   Section        0  libinit2.o(.ARM.Collect$$libinit$$00000023)
    .ARM.Collect$$libinit$$00000025          0x000001ae   Section        0  libinit2.o(.ARM.Collect$$libinit$$00000025)
    .ARM.Collect$$libinit$$0000002C          0x000001ae   Section        0  libinit2.o(.ARM.Collect$$libinit$$0000002C)
    .ARM.Collect$$libinit$$0000002E          0x000001ae   Section        0  libinit2.o(.ARM.Collect$$libinit$$0000002E)
    .ARM.Collect$$libinit$$00000030          0x000001ae   Section        0  libinit2.o(.ARM.Collect$$libinit$$00000030)
    .ARM.Collect$$libinit$$00000032          0x000001ae   Section        0  libinit2.o(.ARM.Collect$$libinit$$00000032)
    .ARM.Collect$$libinit$$00000033          0x000001ae   Section        2  libinit2.o(.ARM.Collect$$libinit$$00000033)
    .ARM.Collect$$libshutdown$$00000000      0x000001b0   Section        2  libshutdown.o(.ARM.Collect$$libshutdown$$00000000)
    .ARM.Collect$$libshutdown$$00000002      0x000001b2   Section        0  libshutdown2.o(.ARM.Collect$$libshutdown$$00000002)
    .ARM.Collect$$libshutdown$$00000004      0x000001b2   Section        0  libshutdown2.o(.ARM.Collect$$libshutdown$$00000004)
    .ARM.Collect$$libshutdown$$00000007      0x000001b2   Section        0  libshutdown2.o(.ARM.Collect$$libshutdown$$00000007)
    .ARM.Collect$$libshutdown$$0000000A      0x000001b2   Section        0  libshutdown2.o(.ARM.Collect$$libshutdown$$0000000A)
    .ARM.Collect$$libshutdown$$0000000C      0x000001b2   Section        0  libshutdown2.o(.ARM.Collect$$libshutdown$$0000000C)
    .ARM.Collect$$libshutdown$$0000000F      0x000001b2   Section        0  libshutdown2.o(.ARM.Collect$$libshutdown$$0000000F)
    .ARM.Collect$$libshutdown$$00000010      0x000001b2   Section        2  libshutdown2.o(.ARM.Collect$$libshutdown$$00000010)
    .ARM.Collect$$rtentry$$00000000          0x000001b4   Section        0  __rtentry.o(.ARM.Collect$$rtentry$$00000000)
    .ARM.Collect$$rtentry$$00000002          0x000001b4   Section        0  __rtentry2.o(.ARM.Collect$$rtentry$$00000002)
    .ARM.Collect$$rtentry$$00000004          0x000001b4   Section        8  __rtentry4.o(.ARM.Collect$$rtentry$$00000004)
    .ARM.Collect$$rtentry$$00000009          0x000001bc   Section        0  __rtentry2.o(.ARM.Collect$$rtentry$$00000009)
    .ARM.Collect$$rtentry$$0000000A          0x000001bc   Section        4  __rtentry2.o(.ARM.Collect$$rtentry$$0000000A)
    .ARM.Collect$$rtentry$$0000000C          0x000001c0   Section        0  __rtentry2.o(.ARM.Collect$$rtentry$$0000000C)
    .ARM.Collect$$rtentry$$0000000D          0x000001c0   Section       40  __rtentry2.o(.ARM.Collect$$rtentry$$0000000D)
    .ARM.Collect$$rtexit$$00000000           0x000001e8   Section        4  rtexit.o(.ARM.Collect$$rtexit$$00000000)
    .ARM.Collect$$rtexit$$00000002           0x000001ec   Section        0  rtexit2.o(.ARM.Collect$$rtexit$$00000002)
    .ARM.Collect$$rtexit$$00000003           0x000001ec   Section        4  rtexit2.o(.ARM.Collect$$rtexit$$00000003)
    .ARM.Collect$$rtexit$$00000004           0x000001f0   Section        8  rtexit2.o(.ARM.Collect$$rtexit$$00000004)
    .emb_text                                0x000001f8   Section        0  maybetermalloc1.o(.emb_text)
    .text                                    0x000001f8   Section        0  h1_alloc.o(.text)
    .text                                    0x0000025a   Section        0  h1_free.o(.text)
    .text                                    0x000002a8   Section        0  strlen.o(.text)
    .text                                    0x000002ec   Section      212  rt_memcpy.o(.text)
    .text                                    0x000003c0   Section       64  rt_memclr.o(.text)
    .text                                    0x00000400   Section       84  rt_memclr_w.o(.text)
    .text                                    0x00000454   Section      380  aeabi_sdiv.o(.text)
    __arm_div8                               0x00000480   ARM Code       0  aeabi_sdiv.o(.text)
    __arm_div5                               0x000004a4   ARM Code       0  aeabi_sdiv.o(.text)
    __arm_div2                               0x000004c8   ARM Code       0  aeabi_sdiv.o(.text)
    __arm_div_large                          0x00000504   ARM Code       0  aeabi_sdiv.o(.text)
    .text                                    0x000005d0   Section       12  rt_heap_descriptor.o(.text)
    .text                                    0x000005dc   Section        0  hguard.o(.text)
    .text                                    0x000005e0   Section        0  init_alloc.o(.text)
    .text                                    0x00000668   Section        0  h1_init.o(.text)
    .text                                    0x00000678   Section      100  rt_memcpy_w.o(.text)
    .text                                    0x000006dc   Section        0  h1_extend.o(.text)
    .text                                    0x00000710   Section        0  defsig_rtmem_outer.o(.text)
    .text                                    0x0000071c   Section        0  heapauxa.o(.text)
    .text                                    0x0000076c   Section        0  exit.o(.text)
    .text                                    0x0000077c   Section        0  defsig_exit.o(.text)
    .text                                    0x00000788   Section        0  defsig_rtmem_inner.o(.text)
    .text                                    0x000007d8   Section        0  defsig_general.o(.text)
    .text_udiv                               0x0000080c   Section       36  aeabi_sdiv.o(.text_udiv)
    SYS_INIT                                 0x00000830   Section       48  sys_nuc970.o(SYS_INIT)
    i.FormatItem                             0x00000860   Section        0  sys_uart.o(i.FormatItem)
    FormatItem                               0x00000860   ARM Code     556  sys_uart.o(i.FormatItem)
    i.RS485_HANDLE                           0x00000a8c   Section        0  uart.o(i.RS485_HANDLE)
    i.SYS_Interrupt_Shell                    0x00000b5c   Section        0  sys.o(i.SYS_Interrupt_Shell)
    i._PutChar_f                             0x00000b90   Section        0  sys_uart.o(i._PutChar_f)
    i.__user_setup_stackheap                 0x00000be0   Section        0  standalone.o(i.__user_setup_stackheap)
    i._sys_exit                              0x00000c10   Section        0  standalone.o(i._sys_exit)
    i._ttywrch                               0x00000c18   Section        0  standalone.o(i._ttywrch)
    i._uartBUFSpaceAlloc                     0x00000c20   Section        0  uart.o(i._uartBUFSpaceAlloc)
    _uartBUFSpaceAlloc                       0x00000c20   ARM Code     236  uart.o(i._uartBUFSpaceAlloc)
    i._uartCheckModemStatus                  0x00000d18   Section        0  uart.o(i._uartCheckModemStatus)
    _uartCheckModemStatus                    0x00000d18   ARM Code     156  uart.o(i._uartCheckModemStatus)
    i._uartConfigureUART                     0x00000dbc   Section        0  uart.o(i._uartConfigureUART)
    _uartConfigureUART                       0x00000dbc   ARM Code     728  uart.o(i._uartConfigureUART)
    i._uartDisableInterrupt                  0x00001098   Section        0  uart.o(i._uartDisableInterrupt)
    _uartDisableInterrupt                    0x00001098   ARM Code      64  uart.o(i._uartDisableInterrupt)
    i._uartEnableInterrupt                   0x000010d8   Section        0  uart.o(i._uartEnableInterrupt)
    _uartEnableInterrupt                     0x000010d8   ARM Code      36  uart.o(i._uartEnableInterrupt)
    i._uartGetRegisterValue                  0x000010fc   Section        0  uart.o(i._uartGetRegisterValue)
    _uartGetRegisterValue                    0x000010fc   ARM Code     548  uart.o(i._uartGetRegisterValue)
    i._uartInstallISR                        0x00001354   Section        0  uart.o(i._uartInstallISR)
    _uartInstallISR                          0x00001354   ARM Code     444  uart.o(i._uartInstallISR)
    i._uartPerformIrDA                       0x00001540   Section        0  uart.o(i._uartPerformIrDA)
    _uartPerformIrDA                         0x00001540   ARM Code     168  uart.o(i._uartPerformIrDA)
    i._uartReceiveChars                      0x000015f0   Section        0  uart.o(i._uartReceiveChars)
    _uartReceiveChars                        0x000015f0   ARM Code     744  uart.o(i._uartReceiveChars)
    i._uartRxBufGetNextOne                   0x000018e4   Section        0  uart.o(i._uartRxBufGetNextOne)
    _uartRxBufGetNextOne                     0x000018e4   ARM Code      40  uart.o(i._uartRxBufGetNextOne)
    i._uartSetBaudRate                       0x00001910   Section        0  uart.o(i._uartSetBaudRate)
    _uartSetBaudRate                         0x00001910   ARM Code      92  uart.o(i._uartSetBaudRate)
    i._uartTransmitChars                     0x0000196c   Section        0  uart.o(i._uartTransmitChars)
    _uartTransmitChars                       0x0000196c   ARM Code     152  uart.o(i._uartTransmitChars)
    i._uartTxBufGetNextOne                   0x00001a08   Section        0  uart.o(i._uartTxBufGetNextOne)
    _uartTxBufGetNextOne                     0x00001a08   ARM Code      40  uart.o(i._uartTxBufGetNextOne)
    i.gdmaInit                               0x00001a34   Section        0  main.o(i.gdmaInit)
    i.main                                   0x00001ad0   Section        0  main.o(i.main)
    i.sysDisableCache                        0x00001afc   Section        0  system_nuc970.o(i.sysDisableCache)
    i.sysEnableCache                         0x00001b44   Section        0  system_nuc970.o(i.sysEnableCache)
    i.sysEnableInterrupt                     0x00001b78   Section        0  sys.o(i.sysEnableInterrupt)
    i.sysFiqHandler                          0x00001bd0   Section        0  sys.o(i.sysFiqHandler)
    i.sysGetCacheState                       0x00001c40   Section        0  system_nuc970.o(i.sysGetCacheState)
    i.sysGetSdramSizebyMB                    0x00001c50   Section        0  system_nuc970.o(i.sysGetSdramSizebyMB)
    i.sysInitMMUTable                        0x00001e20   Section        0  system_nuc970.o(i.sysInitMMUTable)
    i.sysInitPageTable                       0x000020e8   Section        0  system_nuc970.o(i.sysInitPageTable)
    i.sysInitializeAIC                       0x00002270   Section        0  sys.o(i.sysInitializeAIC)
    i.sysInstallISR                          0x00002290   Section        0  sys.o(i.sysInstallISR)
    i.sysInvalidCache                        0x00002344   Section        0  system_nuc970.o(i.sysInvalidCache)
    i.sysIrqHandler                          0x00002350   Section        0  sys.o(i.sysIrqHandler)
    i.sysPutNumber                           0x000023c0   Section        0  sys_uart.o(i.sysPutNumber)
    sysPutNumber                             0x000023c0   ARM Code     448  sys_uart.o(i.sysPutNumber)
    i.sysPutRepChar                          0x00002580   Section        0  sys_uart.o(i.sysPutRepChar)
    sysPutRepChar                            0x00002580   ARM Code      40  sys_uart.o(i.sysPutRepChar)
    i.sysPutString                           0x000025a8   Section        0  sys_uart.o(i.sysPutString)
    i.sysPutStringReverse                    0x000025d0   Section        0  sys_uart.o(i.sysPutStringReverse)
    sysPutStringReverse                      0x000025d0   ARM Code      40  sys_uart.o(i.sysPutStringReverse)
    i.sysSetLocalInterrupt                   0x000025f8   Section        0  sys.o(i.sysSetLocalInterrupt)
    i.sysSetMMUMappingMethod                 0x00002684   Section        0  system_nuc970.o(i.sysSetMMUMappingMethod)
    i.sysprintf                              0x0000269c   Section        0  sys_uart.o(i.sysprintf)
    i.uart0ISR                               0x0000270c   Section        0  uart.o(i.uart0ISR)
    i.uart10ISR                              0x00002790   Section        0  uart.o(i.uart10ISR)
    i.uart1ISR                               0x000028a8   Section        0  uart.o(i.uart1ISR)
    i.uart1Initialization                    0x000029b0   Section        0  main.o(i.uart1Initialization)
    i.uart2ISR                               0x00002a2c   Section        0  uart.o(i.uart2ISR)
    i.uart3ISR                               0x00002b6c   Section        0  uart.o(i.uart3ISR)
    i.uart4ISR                               0x00002c74   Section        0  uart.o(i.uart4ISR)
    i.uart5ISR                               0x00002d8c   Section        0  uart.o(i.uart5ISR)
    i.uart6ISR                               0x00002ea4   Section        0  uart.o(i.uart6ISR)
    i.uart7ISR                               0x00002fbc   Section        0  uart.o(i.uart7ISR)
    i.uart8ISR                               0x000030d4   Section        0  uart.o(i.uart8ISR)
    i.uart9ISR                               0x000031ec   Section        0  uart.o(i.uart9ISR)
    i.uartIoctl                              0x00003304   Section        0  uart.o(i.uartIoctl)
    i.uartOpen                               0x00003b40   Section        0  uart.o(i.uartOpen)
    .data                                    0x00003bdc   Section       14  main.o(.data)
    .data                                    0x00003bec   Section      500  sys.o(.data)
    .data                                    0x00003de0   Section       16  system_nuc970.o(.data)
    _IsInitMMUTable                          0x00003de8   Data           1  system_nuc970.o(.data)
    _MMUMappingMode                          0x00003dec   Data           4  system_nuc970.o(.data)
    .data                                    0x00003df0   Section      134  uart.o(.data)
    UARTTXBUFSIZE                            0x00003df0   Data          44  uart.o(.data)
    UARTRXBUFSIZE                            0x00003e1c   Data          44  uart.o(.data)
    _uart_IrDATxReg                          0x00003e48   Data           4  uart.o(.data)
    _uart_IrDARxReg                          0x00003e4c   Data           4  uart.o(.data)
    _uart_cDSRState0                         0x00003e50   Data           1  uart.o(.data)
    _uart_cDSRState1                         0x00003e51   Data           1  uart.o(.data)
    _uart_cDSRState2                         0x00003e52   Data           1  uart.o(.data)
    _uart_cDSRState3                         0x00003e53   Data           1  uart.o(.data)
    _uart_cDSRState4                         0x00003e54   Data           1  uart.o(.data)
    _uart_cDSRState5                         0x00003e55   Data           1  uart.o(.data)
    _uart_cDSRState6                         0x00003e56   Data           1  uart.o(.data)
    _uart_cDSRState7                         0x00003e57   Data           1  uart.o(.data)
    _uart_cDSRState8                         0x00003e58   Data           1  uart.o(.data)
    _uart_cDSRState9                         0x00003e59   Data           1  uart.o(.data)
    _uart_cDSRState10                        0x00003e5a   Data           1  uart.o(.data)
    _uart_cBIIState_0                        0x00003e5b   Data           1  uart.o(.data)
    _uart_cBIIState_1                        0x00003e5c   Data           1  uart.o(.data)
    _uart_cBIIState_2                        0x00003e5d   Data           1  uart.o(.data)
    _uart_cBIIState_3                        0x00003e5e   Data           1  uart.o(.data)
    _uart_cBIIState_4                        0x00003e5f   Data           1  uart.o(.data)
    _uart_cBIIState_5                        0x00003e60   Data           1  uart.o(.data)
    _uart_cBIIState_6                        0x00003e61   Data           1  uart.o(.data)
    _uart_cBIIState_7                        0x00003e62   Data           1  uart.o(.data)
    _uart_cBIIState_8                        0x00003e63   Data           1  uart.o(.data)
    _uart_cBIIState_9                        0x00003e64   Data           1  uart.o(.data)
    _uart_cBIIState_10                       0x00003e65   Data           1  uart.o(.data)
    _uart_cCTSState0                         0x00003e66   Data           1  uart.o(.data)
    _uart_cCTSState1                         0x00003e67   Data           1  uart.o(.data)
    _uart_cCTSState2                         0x00003e68   Data           1  uart.o(.data)
    _uart_cCTSState3                         0x00003e69   Data           1  uart.o(.data)
    _uart_cCTSState4                         0x00003e6a   Data           1  uart.o(.data)
    _uart_cCTSState5                         0x00003e6b   Data           1  uart.o(.data)
    _uart_cCTSState6                         0x00003e6c   Data           1  uart.o(.data)
    _uart_cCTSState7                         0x00003e6d   Data           1  uart.o(.data)
    _uart_cCTSState8                         0x00003e6e   Data           1  uart.o(.data)
    _uart_cCTSState9                         0x00003e6f   Data           1  uart.o(.data)
    _uart_cCTSState10                        0x00003e70   Data           1  uart.o(.data)
    _uart_cFlowControlMode                   0x00003e71   Data           1  uart.o(.data)
    _uart_cHWTXStopped                       0x00003e72   Data           1  uart.o(.data)
    _uart_cHWRXStopped                       0x00003e73   Data           1  uart.o(.data)
    _uart_cSWTXStopped                       0x00003e74   Data           1  uart.o(.data)
    _uart_cSWRXStopped                       0x00003e75   Data           1  uart.o(.data)
    .data                                    0x00003e78   Section        4  heapauxa.o(.data)
    __rt_heap_escrow_base                    0x00003e78   Data           4  heapauxa.o(.data)
    .bss                                     0x00004000   Section    147456  system_nuc970.o(.bss)
    _mmuCoarsePageTable                      0x00008000   Data       65536  system_nuc970.o(.bss)
    _mmuCoarsePageTable_NonCache             0x00018000   Data       65536  system_nuc970.o(.bss)
    .bss                                     0x00028000   Section      528  uart.o(.bss)
    UART_DEV                                 0x00028000   Data         528  uart.o(.bss)
    .bss                                     0x00028210   Section        4  rt_heap_descriptor.o(.bss)
    __rt_heap_descriptor_data                0x00028210   Data           4  rt_heap_descriptor.o(.bss)

    Global Symbols

    Symbol Name                              Value     Ov Type        Size  Object(Section)

    BuildAttributes$$THM_ISAv2$ARM_ISAv5$E$P$J$S$PE$A:L22$X:L11$S22$IEEE1$IW$USESV6$~STKCKD$USESV7$~SHL$OTIME$ROPI$EBA8$UX$STANDARDLIB$REQ8$EABIv2 0x00000000   Number         0  anon$$obj.o ABSOLUTE
    Vector_Table                             0x00000000   ARM Code       0  startup_nuc970.o(NUC_INIT)
    __ARM_use_no_argv                        0x00000000   Number         0  main.o ABSOLUTE
    __ARM_exceptions_init                     - Undefined Weak Reference
    __alloca_initialize                       - Undefined Weak Reference
    __arm_preinit_                            - Undefined Weak Reference
    __cpp_initialize__aeabi_                  - Undefined Weak Reference
    __cxa_finalize                            - Undefined Weak Reference
    __rt_locale                               - Undefined Weak Reference
    __sigvec_lookup                           - Undefined Weak Reference
    __user_heap_extent                        - Undefined Weak Reference
    _atexit_init                              - Undefined Weak Reference
    _call_atexit_fns                          - Undefined Weak Reference
    _clock_init                               - Undefined Weak Reference
    _fp_trap_init                             - Undefined Weak Reference
    _fp_trap_shutdown                         - Undefined Weak Reference
    _get_lc_collate                           - Undefined Weak Reference
    _get_lc_ctype                             - Undefined Weak Reference
    _get_lc_monetary                          - Undefined Weak Reference
    _get_lc_numeric                           - Undefined Weak Reference
    _get_lc_time                              - Undefined Weak Reference
    _getenv_init                              - Undefined Weak Reference
    _handle_redirection                       - Undefined Weak Reference
    _initio                                   - Undefined Weak Reference
    _mutex_acquire                            - Undefined Weak Reference
    _mutex_free                               - Undefined Weak Reference
    _mutex_release                            - Undefined Weak Reference
    _rand_init                                - Undefined Weak Reference
    _signal_finish                            - Undefined Weak Reference
    _signal_init                              - Undefined Weak Reference
    _terminateio                              - Undefined Weak Reference
    Reset_Go                                 0x00000058   ARM Code       0  startup_nuc970.o(NUC_INIT)
    __main                                   0x000000b0   ARM Code       8  __main.o(!!!main)
    __scatterload                            0x000000b8   ARM Code       0  __scatter.o(!!!scatter)
    __scatterload_rt2                        0x000000b8   ARM Code      52  __scatter.o(!!!scatter)
    __scatterload_null                       0x000000cc   ARM Code       0  __scatter.o(!!!scatter)
    __decompress                             0x000000f4   ARM Code      92  __dczerorl2.o(!!dczerorl2)
    __decompress1                            0x000000f4   ARM Code       0  __dczerorl2.o(!!dczerorl2)
    __scatterload_copy                       0x00000150   ARM Code      40  __scatter_copy.o(!!handler_copy)
    __scatterload_zeroinit                   0x00000178   ARM Code      44  __scatter_zi.o(!!handler_zi)
    __rt_lib_init                            0x000001a5   Thumb Code     0  libinit.o(.ARM.Collect$$libinit$$00000000)
    __rt_lib_init_fp_1                       0x000001a7   Thumb Code     0  libinit2.o(.ARM.Collect$$libinit$$00000002)
    __rt_lib_init_heap_2                     0x000001a7   Thumb Code     0  libinit2.o(.ARM.Collect$$libinit$$00000005)
    __rt_lib_init_preinit_1                  0x000001a7   Thumb Code     0  libinit2.o(.ARM.Collect$$libinit$$00000004)
    __rt_lib_init_alloca_1                   0x000001af   Thumb Code     0  libinit2.o(.ARM.Collect$$libinit$$0000002E)
    __rt_lib_init_argv_1                     0x000001af   Thumb Code     0  libinit2.o(.ARM.Collect$$libinit$$0000002C)
    __rt_lib_init_atexit_1                   0x000001af   Thumb Code     0  libinit2.o(.ARM.Collect$$libinit$$0000001B)
    __rt_lib_init_clock_1                    0x000001af   Thumb Code     0  libinit2.o(.ARM.Collect$$libinit$$00000021)
    __rt_lib_init_cpp_1                      0x000001af   Thumb Code     0  libinit2.o(.ARM.Collect$$libinit$$00000032)
    __rt_lib_init_exceptions_1               0x000001af   Thumb Code     0  libinit2.o(.ARM.Collect$$libinit$$00000030)
    __rt_lib_init_fp_trap_1                  0x000001af   Thumb Code     0  libinit2.o(.ARM.Collect$$libinit$$0000001F)
    __rt_lib_init_getenv_1                   0x000001af   Thumb Code     0  libinit2.o(.ARM.Collect$$libinit$$00000023)
    __rt_lib_init_heap_1                     0x000001af   Thumb Code     0  libinit2.o(.ARM.Collect$$libinit$$0000000A)
    __rt_lib_init_lc_collate_1               0x000001af   Thumb Code     0  libinit2.o(.ARM.Collect$$libinit$$00000011)
    __rt_lib_init_lc_ctype_1                 0x000001af   Thumb Code     0  libinit2.o(.ARM.Collect$$libinit$$00000013)
    __rt_lib_init_lc_monetary_1              0x000001af   Thumb Code     0  libinit2.o(.ARM.Collect$$libinit$$00000015)
    __rt_lib_init_lc_numeric_1               0x000001af   Thumb Code     0  libinit2.o(.ARM.Collect$$libinit$$00000017)
    __rt_lib_init_lc_time_1                  0x000001af   Thumb Code     0  libinit2.o(.ARM.Collect$$libinit$$00000019)
    __rt_lib_init_rand_1                     0x000001af   Thumb Code     0  libinit2.o(.ARM.Collect$$libinit$$0000000E)
    __rt_lib_init_return                     0x000001af   Thumb Code     0  libinit2.o(.ARM.Collect$$libinit$$00000033)
    __rt_lib_init_signal_1                   0x000001af   Thumb Code     0  libinit2.o(.ARM.Collect$$libinit$$0000001D)
    __rt_lib_init_stdio_1                    0x000001af   Thumb Code     0  libinit2.o(.ARM.Collect$$libinit$$00000025)
    __rt_lib_init_user_alloc_1               0x000001af   Thumb Code     0  libinit2.o(.ARM.Collect$$libinit$$0000000C)
    __rt_lib_shutdown                        0x000001b1   Thumb Code     0  libshutdown.o(.ARM.Collect$$libshutdown$$00000000)
    __rt_lib_shutdown_cpp_1                  0x000001b3   Thumb Code     0  libshutdown2.o(.ARM.Collect$$libshutdown$$00000002)
    __rt_lib_shutdown_fp_trap_1              0x000001b3   Thumb Code     0  libshutdown2.o(.ARM.Collect$$libshutdown$$00000007)
    __rt_lib_shutdown_heap_1                 0x000001b3   Thumb Code     0  libshutdown2.o(.ARM.Collect$$libshutdown$$0000000F)
    __rt_lib_shutdown_return                 0x000001b3   Thumb Code     0  libshutdown2.o(.ARM.Collect$$libshutdown$$00000010)
    __rt_lib_shutdown_signal_1               0x000001b3   Thumb Code     0  libshutdown2.o(.ARM.Collect$$libshutdown$$0000000A)
    __rt_lib_shutdown_stdio_1                0x000001b3   Thumb Code     0  libshutdown2.o(.ARM.Collect$$libshutdown$$00000004)
    __rt_lib_shutdown_user_alloc_1           0x000001b3   Thumb Code     0  libshutdown2.o(.ARM.Collect$$libshutdown$$0000000C)
    __rt_entry                               0x000001b4   ARM Code       0  __rtentry.o(.ARM.Collect$$rtentry$$00000000)
    __rt_entry_presh_1                       0x000001b4   ARM Code       0  __rtentry2.o(.ARM.Collect$$rtentry$$00000002)
    __rt_entry_sh                            0x000001b4   ARM Code       0  __rtentry4.o(.ARM.Collect$$rtentry$$00000004)
    __rt_entry_li                            0x000001bc   ARM Code       0  __rtentry2.o(.ARM.Collect$$rtentry$$0000000A)
    __rt_entry_postsh_1                      0x000001bc   ARM Code       0  __rtentry2.o(.ARM.Collect$$rtentry$$00000009)
    __rt_entry_main                          0x000001c0   ARM Code       0  __rtentry2.o(.ARM.Collect$$rtentry$$0000000D)
    __rt_entry_postli_1                      0x000001c0   ARM Code       0  __rtentry2.o(.ARM.Collect$$rtentry$$0000000C)
    __rt_exit                                0x000001e8   ARM Code       0  rtexit.o(.ARM.Collect$$rtexit$$00000000)
    __rt_exit_ls                             0x000001ec   ARM Code       0  rtexit2.o(.ARM.Collect$$rtexit$$00000003)
    __rt_exit_prels_1                        0x000001ec   ARM Code       0  rtexit2.o(.ARM.Collect$$rtexit$$00000002)
    __rt_exit_exit                           0x000001f0   ARM Code       0  rtexit2.o(.ARM.Collect$$rtexit$$00000004)
    _maybe_terminate_alloc                   0x000001f9   Thumb Code     0  maybetermalloc1.o(.emb_text)
    malloc                                   0x000001f9   Thumb Code    98  h1_alloc.o(.text)
    free                                     0x0000025b   Thumb Code    76  h1_free.o(.text)
    strlen                                   0x000002a9   Thumb Code    62  strlen.o(.text)
    __aeabi_memcpy                           0x000002ec   ARM Code       0  rt_memcpy.o(.text)
    __rt_memcpy                              0x000002ec   ARM Code     212  rt_memcpy.o(.text)
    _memcpy_lastbytes                        0x000003a0   ARM Code       0  rt_memcpy.o(.text)
    __aeabi_memclr                           0x000003c0   ARM Code       0  rt_memclr.o(.text)
    __rt_memclr                              0x000003c0   ARM Code      64  rt_memclr.o(.text)
    _memset                                  0x000003c4   ARM Code       0  rt_memclr.o(.text)
    __aeabi_memclr4                          0x00000400   ARM Code       0  rt_memclr_w.o(.text)
    __aeabi_memclr8                          0x00000400   ARM Code       0  rt_memclr_w.o(.text)
    __rt_memclr_w                            0x00000400   ARM Code      84  rt_memclr_w.o(.text)
    _memset_w                                0x00000404   ARM Code       0  rt_memclr_w.o(.text)
    __aeabi_idiv                             0x00000454   ARM Code       0  aeabi_sdiv.o(.text)
    __aeabi_idivmod                          0x00000454   ARM Code     380  aeabi_sdiv.o(.text)
    __rt_heap_descriptor                     0x000005d0   ARM Code      12  rt_heap_descriptor.o(.text)
    __use_no_heap                            0x000005dd   Thumb Code     2  hguard.o(.text)
    __heap$guard                             0x000005df   Thumb Code     2  hguard.o(.text)
    _terminate_user_alloc                    0x000005e1   Thumb Code     2  init_alloc.o(.text)
    _init_user_alloc                         0x000005e3   Thumb Code     2  init_alloc.o(.text)
    __Heap_Full                              0x000005e5   Thumb Code    32  init_alloc.o(.text)
    __Heap_Broken                            0x00000605   Thumb Code    10  init_alloc.o(.text)
    _init_alloc                              0x0000060f   Thumb Code    90  init_alloc.o(.text)
    __Heap_Initialize                        0x00000669   Thumb Code    10  h1_init.o(.text)
    __Heap_DescSize                          0x00000673   Thumb Code     4  h1_init.o(.text)
    __aeabi_memcpy4                          0x00000678   ARM Code       0  rt_memcpy_w.o(.text)
    __aeabi_memcpy8                          0x00000678   ARM Code       0  rt_memcpy_w.o(.text)
    __rt_memcpy_w                            0x00000678   ARM Code     100  rt_memcpy_w.o(.text)
    _memcpy_lastbytes_aligned                0x000006c4   ARM Code       0  rt_memcpy_w.o(.text)
    __Heap_ProvideMemory                     0x000006dd   Thumb Code    52  h1_extend.o(.text)
    __rt_SIGRTMEM                            0x00000711   Thumb Code    12  defsig_rtmem_outer.o(.text)
    __rt_heap_escrow                         0x0000071d   Thumb Code    24  heapauxa.o(.text)
    __rt_heap_expand                         0x00000735   Thumb Code    52  heapauxa.o(.text)
    exit                                     0x0000076d   Thumb Code    16  exit.o(.text)
    __sig_exit                               0x0000077d   Thumb Code    12  defsig_exit.o(.text)
    __rt_SIGRTMEM_inner                      0x00000789   Thumb Code    22  defsig_rtmem_inner.o(.text)
    __default_signal_display                 0x000007d9   Thumb Code    52  defsig_general.o(.text)
    __aeabi_uidiv                            0x0000080c   ARM Code       0  aeabi_sdiv.o(.text_udiv)
    __aeabi_uidivmod                         0x0000080c   ARM Code      36  aeabi_sdiv.o(.text_udiv)
    sysSetupCP15                             0x00000830   ARM Code       0  sys_nuc970.o(SYS_INIT)
    sys_flush_and_clean_dcache               0x00000854   ARM Code       0  sys_nuc970.o(SYS_INIT)
    RS485_HANDLE                             0x00000a8c   ARM Code     204  uart.o(i.RS485_HANDLE)
    SYS_Interrupt_Shell                      0x00000b5c   ARM Code      24  sys.o(i.SYS_Interrupt_Shell)
    _PutChar_f                               0x00000b90   ARM Code      80  sys_uart.o(i._PutChar_f)
    __user_setup_stackheap                   0x00000be0   ARM Code      44  standalone.o(i.__user_setup_stackheap)
    _sys_exit                                0x00000c10   ARM Code       8  standalone.o(i._sys_exit)
    _ttywrch                                 0x00000c18   ARM Code       8  standalone.o(i._ttywrch)
    gdmaInit                                 0x00001a34   ARM Code     140  main.o(i.gdmaInit)
    main                                     0x00001ad0   ARM Code      44  main.o(i.main)
    sysDisableCache                          0x00001afc   ARM Code      64  system_nuc970.o(i.sysDisableCache)
    sysEnableCache                           0x00001b44   ARM Code      44  system_nuc970.o(i.sysEnableCache)
    sysEnableInterrupt                       0x00001b78   ARM Code      84  sys.o(i.sysEnableInterrupt)
    sysFiqHandler                            0x00001bd0   ARM Code     104  sys.o(i.sysFiqHandler)
    sysGetCacheState                         0x00001c40   ARM Code      12  system_nuc970.o(i.sysGetCacheState)
    sysGetSdramSizebyMB                      0x00001c50   ARM Code     456  system_nuc970.o(i.sysGetSdramSizebyMB)
    sysInitMMUTable                          0x00001e20   ARM Code     688  system_nuc970.o(i.sysInitMMUTable)
    sysInitPageTable                         0x000020e8   ARM Code     384  system_nuc970.o(i.sysInitPageTable)
    sysInitializeAIC                         0x00002270   ARM Code      24  sys.o(i.sysInitializeAIC)
    sysInstallISR                            0x00002290   ARM Code     164  sys.o(i.sysInstallISR)
    sysInvalidCache                          0x00002344   ARM Code      12  system_nuc970.o(i.sysInvalidCache)
    sysIrqHandler                            0x00002350   ARM Code     104  sys.o(i.sysIrqHandler)
    sysPutString                             0x000025a8   ARM Code      40  sys_uart.o(i.sysPutString)
    sysSetLocalInterrupt                     0x000025f8   ARM Code     140  sys.o(i.sysSetLocalInterrupt)
    sysSetMMUMappingMethod                   0x00002684   ARM Code      20  system_nuc970.o(i.sysSetMMUMappingMethod)
    sysprintf                                0x0000269c   ARM Code     112  sys_uart.o(i.sysprintf)
    uart0ISR                                 0x0000270c   ARM Code     128  uart.o(i.uart0ISR)
    uart10ISR                                0x00002790   ARM Code     252  uart.o(i.uart10ISR)
    uart1ISR                                 0x000028a8   ARM Code     252  uart.o(i.uart1ISR)
    uart1Initialization                      0x000029b0   ARM Code     116  main.o(i.uart1Initialization)
    uart2ISR                                 0x00002a2c   ARM Code     308  uart.o(i.uart2ISR)
    uart3ISR                                 0x00002b6c   ARM Code     252  uart.o(i.uart3ISR)
    uart4ISR                                 0x00002c74   ARM Code     252  uart.o(i.uart4ISR)
    uart5ISR                                 0x00002d8c   ARM Code     252  uart.o(i.uart5ISR)
    uart6ISR                                 0x00002ea4   ARM Code     252  uart.o(i.uart6ISR)
    uart7ISR                                 0x00002fbc   ARM Code     252  uart.o(i.uart7ISR)
    uart8ISR                                 0x000030d4   ARM Code     252  uart.o(i.uart8ISR)
    uart9ISR                                 0x000031ec   ARM Code     252  uart.o(i.uart9ISR)
    uartIoctl                                0x00003304   ARM Code    1996  uart.o(i.uartIoctl)
    uartOpen                                 0x00003b40   ARM Code     100  uart.o(i.uartOpen)
    Region$$Table$$Base                      0x00003bac   Number         0  anon$$obj.o(Region$$Table)
    Region$$Table$$Limit                     0x00003bdc   Number         0  anon$$obj.o(Region$$Table)
    outDmaUartBuffer                         0x00003bdc   Data          14  main.o(.data)
    _sys_bIsAICInitial                       0x00003bec   Data           1  sys.o(.data)
    sysIrqHandlerTable                       0x00003bf0   Data         248  sys.o(.data)
    sysFiqHandlerTable                       0x00003ce8   Data         248  sys.o(.data)
    _sys_IsCacheOn                           0x00003de0   Data           1  system_nuc970.o(.data)
    _sys_CacheMode                           0x00003de4   Data           4  system_nuc970.o(.data)
    _mmuSectionTable                         0x00004000   Data       16384  system_nuc970.o(.bss)
    Image$$RW_RAM1$$ZI$$Limit                0x00028214   Number         0  anon$$obj.o ABSOLUTE



==============================================================================

Memory Map of the image

  Image Entry point : 0x00000000

  Load Region LR_IROM1 (Base: 0x00000000, Size: 0x00003e7c, Max: 0x00800000, ABSOLUTE, COMPRESSED[0x00003bf8])

    Execution Region ER_IROM1 (Exec base: 0x00000000, Load base: 0x00000000, Size: 0x00003bdc, Max: 0x00800000, ABSOLUTE)

    Exec Addr    Load Addr    Size         Type   Attr      Idx    E Section Name        Object

    0x00000000   0x00000000   0x000000b0   Code   RO          720  * NUC_INIT            startup_nuc970.o
    0x000000b0   0x000000b0   0x00000008   Code   RO          815  * !!!main             c_5.l(__main.o)
    0x000000b8   0x000000b8   0x0000003c   Code   RO         1026    !!!scatter          c_5.l(__scatter.o)
    0x000000f4   0x000000f4   0x0000005c   Code   RO         1024    !!dczerorl2         c_5.l(__dczerorl2.o)
    0x00000150   0x00000150   0x00000028   Code   RO         1028    !!handler_copy      c_5.l(__scatter_copy.o)
    0x00000178   0x00000178   0x0000002c   Code   RO         1030    !!handler_zi        c_5.l(__scatter_zi.o)
    0x000001a4   0x000001a4   0x00000002   Code   RO          967    .ARM.Collect$$libinit$$00000000  c_5.l(libinit.o)
    0x000001a6   0x000001a6   0x00000000   Code   RO          854    .ARM.Collect$$libinit$$00000002  c_5.l(libinit2.o)
    0x000001a6   0x000001a6   0x00000000   Code   RO          856    .ARM.Collect$$libinit$$00000004  c_5.l(libinit2.o)
    0x000001a6   0x000001a6   0x00000008   Code   RO          857    .ARM.Collect$$libinit$$00000005  c_5.l(libinit2.o)
    0x000001ae   0x000001ae   0x00000000   Code   RO          859    .ARM.Collect$$libinit$$0000000A  c_5.l(libinit2.o)
    0x000001ae   0x000001ae   0x00000000   Code   RO          861    .ARM.Collect$$libinit$$0000000C  c_5.l(libinit2.o)
    0x000001ae   0x000001ae   0x00000000   Code   RO          863    .ARM.Collect$$libinit$$0000000E  c_5.l(libinit2.o)
    0x000001ae   0x000001ae   0x00000000   Code   RO          866    .ARM.Collect$$libinit$$00000011  c_5.l(libinit2.o)
    0x000001ae   0x000001ae   0x00000000   Code   RO          868    .ARM.Collect$$libinit$$00000013  c_5.l(libinit2.o)
    0x000001ae   0x000001ae   0x00000000   Code   RO          870    .ARM.Collect$$libinit$$00000015  c_5.l(libinit2.o)
    0x000001ae   0x000001ae   0x00000000   Code   RO          872    .ARM.Collect$$libinit$$00000017  c_5.l(libinit2.o)
    0x000001ae   0x000001ae   0x00000000   Code   RO          874    .ARM.Collect$$libinit$$00000019  c_5.l(libinit2.o)
    0x000001ae   0x000001ae   0x00000000   Code   RO          876    .ARM.Collect$$libinit$$0000001B  c_5.l(libinit2.o)
    0x000001ae   0x000001ae   0x00000000   Code   RO          878    .ARM.Collect$$libinit$$0000001D  c_5.l(libinit2.o)
    0x000001ae   0x000001ae   0x00000000   Code   RO          880    .ARM.Collect$$libinit$$0000001F  c_5.l(libinit2.o)
    0x000001ae   0x000001ae   0x00000000   Code   RO          882    .ARM.Collect$$libinit$$00000021  c_5.l(libinit2.o)
    0x000001ae   0x000001ae   0x00000000   Code   RO          884    .ARM.Collect$$libinit$$00000023  c_5.l(libinit2.o)
    0x000001ae   0x000001ae   0x00000000   Code   RO          886    .ARM.Collect$$libinit$$00000025  c_5.l(libinit2.o)
    0x000001ae   0x000001ae   0x00000000   Code   RO          890    .ARM.Collect$$libinit$$0000002C  c_5.l(libinit2.o)
    0x000001ae   0x000001ae   0x00000000   Code   RO          892    .ARM.Collect$$libinit$$0000002E  c_5.l(libinit2.o)
    0x000001ae   0x000001ae   0x00000000   Code   RO          894    .ARM.Collect$$libinit$$00000030  c_5.l(libinit2.o)
    0x000001ae   0x000001ae   0x00000000   Code   RO          896    .ARM.Collect$$libinit$$00000032  c_5.l(libinit2.o)
    0x000001ae   0x000001ae   0x00000002   Code   RO          897    .ARM.Collect$$libinit$$00000033  c_5.l(libinit2.o)
    0x000001b0   0x000001b0   0x00000002   Code   RO         1021    .ARM.Collect$$libshutdown$$00000000  c_5.l(libshutdown.o)
    0x000001b2   0x000001b2   0x00000000   Code   RO          981    .ARM.Collect$$libshutdown$$00000002  c_5.l(libshutdown2.o)
    0x000001b2   0x000001b2   0x00000000   Code   RO          983    .ARM.Collect$$libshutdown$$00000004  c_5.l(libshutdown2.o)
    0x000001b2   0x000001b2   0x00000000   Code   RO          986    .ARM.Collect$$libshutdown$$00000007  c_5.l(libshutdown2.o)
    0x000001b2   0x000001b2   0x00000000   Code   RO          989    .ARM.Collect$$libshutdown$$0000000A  c_5.l(libshutdown2.o)
    0x000001b2   0x000001b2   0x00000000   Code   RO          991    .ARM.Collect$$libshutdown$$0000000C  c_5.l(libshutdown2.o)
    0x000001b2   0x000001b2   0x00000000   Code   RO          994    .ARM.Collect$$libshutdown$$0000000F  c_5.l(libshutdown2.o)
    0x000001b2   0x000001b2   0x00000002   Code   RO          995    .ARM.Collect$$libshutdown$$00000010  c_5.l(libshutdown2.o)
    0x000001b4   0x000001b4   0x00000000   Code   RO          819    .ARM.Collect$$rtentry$$00000000  c_5.l(__rtentry.o)
    0x000001b4   0x000001b4   0x00000000   Code   RO          904    .ARM.Collect$$rtentry$$00000002  c_5.l(__rtentry2.o)
    0x000001b4   0x000001b4   0x00000008   Code   RO          916    .ARM.Collect$$rtentry$$00000004  c_5.l(__rtentry4.o)
    0x000001bc   0x000001bc   0x00000000   Code   RO          906    .ARM.Collect$$rtentry$$00000009  c_5.l(__rtentry2.o)
    0x000001bc   0x000001bc   0x00000004   Code   RO          907    .ARM.Collect$$rtentry$$0000000A  c_5.l(__rtentry2.o)
    0x000001c0   0x000001c0   0x00000000   Code   RO          909    .ARM.Collect$$rtentry$$0000000C  c_5.l(__rtentry2.o)
    0x000001c0   0x000001c0   0x00000028   Code   RO          910    .ARM.Collect$$rtentry$$0000000D  c_5.l(__rtentry2.o)
    0x000001e8   0x000001e8   0x00000004   Code   RO          968    .ARM.Collect$$rtexit$$00000000  c_5.l(rtexit.o)
    0x000001ec   0x000001ec   0x00000000   Code   RO          997    .ARM.Collect$$rtexit$$00000002  c_5.l(rtexit2.o)
    0x000001ec   0x000001ec   0x00000004   Code   RO          998    .ARM.Collect$$rtexit$$00000003  c_5.l(rtexit2.o)
    0x000001f0   0x000001f0   0x00000008   Code   RO          999    .ARM.Collect$$rtexit$$00000004  c_5.l(rtexit2.o)
    0x000001f8   0x000001f8   0x00000000   Code   RO          922    .emb_text           c_5.l(maybetermalloc1.o)
    0x000001f8   0x000001f8   0x00000062   Code   RO          733    .text               c_5.l(h1_alloc.o)
    0x0000025a   0x0000025a   0x0000004c   Code   RO          735    .text               c_5.l(h1_free.o)
    0x000002a6   0x000002a6   0x00000002   PAD
    0x000002a8   0x000002a8   0x00000044   Code   RO          791    .text               c_5.l(strlen.o)
    0x000002ec   0x000002ec   0x000000d4   Code   RO          793    .text               c_5.l(rt_memcpy.o)
    0x000003c0   0x000003c0   0x00000040   Code   RO          795    .text               c_5.l(rt_memclr.o)
    0x00000400   0x00000400   0x00000054   Code   RO          797    .text               c_5.l(rt_memclr_w.o)
    0x00000454   0x00000454   0x0000017c   Code   RO          799    .text               c_5.l(aeabi_sdiv.o)
    0x000005d0   0x000005d0   0x0000000c   Code   RO          824    .text               c_5.l(rt_heap_descriptor.o)
    0x000005dc   0x000005dc   0x00000004   Code   RO          829    .text               c_5.l(hguard.o)
    0x000005e0   0x000005e0   0x00000088   Code   RO          831    .text               c_5.l(init_alloc.o)
    0x00000668   0x00000668   0x0000000e   Code   RO          835    .text               c_5.l(h1_init.o)
    0x00000676   0x00000676   0x00000002   PAD
    0x00000678   0x00000678   0x00000064   Code   RO          849    .text               c_5.l(rt_memcpy_w.o)
    0x000006dc   0x000006dc   0x00000034   Code   RO          924    .text               c_5.l(h1_extend.o)
    0x00000710   0x00000710   0x0000000c   Code   RO          928    .text               c_5.l(defsig_rtmem_outer.o)
    0x0000071c   0x0000071c   0x00000050   Code   RO          932    .text               c_5.l(heapauxa.o)
    0x0000076c   0x0000076c   0x00000010   Code   RO          948    .text               c_5.l(exit.o)
    0x0000077c   0x0000077c   0x0000000c   Code   RO          950    .text               c_5.l(defsig_exit.o)
    0x00000788   0x00000788   0x00000050   Code   RO          956    .text               c_5.l(defsig_rtmem_inner.o)
    0x000007d8   0x000007d8   0x00000034   Code   RO          976    .text               c_5.l(defsig_general.o)
    0x0000080c   0x0000080c   0x00000024   Code   RO          800    .text_udiv          c_5.l(aeabi_sdiv.o)
    0x00000830   0x00000830   0x00000030   Code   RO          724    SYS_INIT            sys_nuc970.o
    0x00000860   0x00000860   0x0000022c   Code   RO          354    i.FormatItem        sys_uart.o
    0x00000a8c   0x00000a8c   0x000000d0   Code   RO          523    i.RS485_HANDLE      uart.o
    0x00000b5c   0x00000b5c   0x00000034   Code   RO           77    i.SYS_Interrupt_Shell  sys.o
    0x00000b90   0x00000b90   0x00000050   Code   RO          355    i._PutChar_f        sys_uart.o
    0x00000be0   0x00000be0   0x00000030   Code   RO           54    i.__user_setup_stackheap  standalone.o
    0x00000c10   0x00000c10   0x00000008   Code   RO           55    i._sys_exit         standalone.o
    0x00000c18   0x00000c18   0x00000008   Code   RO           56    i._ttywrch          standalone.o
    0x00000c20   0x00000c20   0x000000f8   Code   RO          524    i._uartBUFSpaceAlloc  uart.o
    0x00000d18   0x00000d18   0x000000a4   Code   RO          525    i._uartCheckModemStatus  uart.o
    0x00000dbc   0x00000dbc   0x000002dc   Code   RO          527    i._uartConfigureUART  uart.o
    0x00001098   0x00001098   0x00000040   Code   RO          528    i._uartDisableInterrupt  uart.o
    0x000010d8   0x000010d8   0x00000024   Code   RO          529    i._uartEnableInterrupt  uart.o
    0x000010fc   0x000010fc   0x00000258   Code   RO          530    i._uartGetRegisterValue  uart.o
    0x00001354   0x00001354   0x000001ec   Code   RO          531    i._uartInstallISR   uart.o
    0x00001540   0x00001540   0x000000b0   Code   RO          532    i._uartPerformIrDA  uart.o
    0x000015f0   0x000015f0   0x000002f4   Code   RO          534    i._uartReceiveChars  uart.o
    0x000018e4   0x000018e4   0x0000002c   Code   RO          535    i._uartRxBufGetNextOne  uart.o
    0x00001910   0x00001910   0x0000005c   Code   RO          536    i._uartSetBaudRate  uart.o
    0x0000196c   0x0000196c   0x0000009c   Code   RO          537    i._uartTransmitChars  uart.o
    0x00001a08   0x00001a08   0x0000002c   Code   RO          538    i._uartTxBufGetNextOne  uart.o
    0x00001a34   0x00001a34   0x0000009c   Code   RO            1    i.gdmaInit          main.o
    0x00001ad0   0x00001ad0   0x0000002c   Code   RO            2    i.main              main.o
    0x00001afc   0x00001afc   0x00000048   Code   RO          427    i.sysDisableCache   system_nuc970.o
    0x00001b44   0x00001b44   0x00000034   Code   RO          428    i.sysEnableCache    system_nuc970.o
    0x00001b78   0x00001b78   0x00000058   Code   RO           79    i.sysEnableInterrupt  sys.o
    0x00001bd0   0x00001bd0   0x00000070   Code   RO           80    i.sysFiqHandler     sys.o
    0x00001c40   0x00001c40   0x00000010   Code   RO          431    i.sysGetCacheState  system_nuc970.o
    0x00001c50   0x00001c50   0x000001d0   Code   RO          433    i.sysGetSdramSizebyMB  system_nuc970.o
    0x00001e20   0x00001e20   0x000002c8   Code   RO          434    i.sysInitMMUTable   system_nuc970.o
    0x000020e8   0x000020e8   0x00000188   Code   RO          435    i.sysInitPageTable  system_nuc970.o
    0x00002270   0x00002270   0x00000020   Code   RO           86    i.sysInitializeAIC  sys.o
    0x00002290   0x00002290   0x000000b4   Code   RO           89    i.sysInstallISR     sys.o
    0x00002344   0x00002344   0x0000000c   Code   RO          436    i.sysInvalidCache   system_nuc970.o
    0x00002350   0x00002350   0x00000070   Code   RO           91    i.sysIrqHandler     sys.o
    0x000023c0   0x000023c0   0x000001c0   Code   RO          360    i.sysPutNumber      sys_uart.o
    0x00002580   0x00002580   0x00000028   Code   RO          361    i.sysPutRepChar     sys_uart.o
    0x000025a8   0x000025a8   0x00000028   Code   RO          362    i.sysPutString      sys_uart.o
    0x000025d0   0x000025d0   0x00000028   Code   RO          363    i.sysPutStringReverse  sys_uart.o
    0x000025f8   0x000025f8   0x0000008c   Code   RO           95    i.sysSetLocalInterrupt  sys.o
    0x00002684   0x00002684   0x00000018   Code   RO          438    i.sysSetMMUMappingMethod  system_nuc970.o
    0x0000269c   0x0000269c   0x00000070   Code   RO          364    i.sysprintf         sys_uart.o
    0x0000270c   0x0000270c   0x00000084   Code   RO          540    i.uart0ISR          uart.o
    0x00002790   0x00002790   0x00000118   Code   RO          541    i.uart10ISR         uart.o
    0x000028a8   0x000028a8   0x00000108   Code   RO          542    i.uart1ISR          uart.o
    0x000029b0   0x000029b0   0x0000007c   Code   RO            3    i.uart1Initialization  main.o
    0x00002a2c   0x00002a2c   0x00000140   Code   RO          543    i.uart2ISR          uart.o
    0x00002b6c   0x00002b6c   0x00000108   Code   RO          544    i.uart3ISR          uart.o
    0x00002c74   0x00002c74   0x00000118   Code   RO          545    i.uart4ISR          uart.o
    0x00002d8c   0x00002d8c   0x00000118   Code   RO          546    i.uart5ISR          uart.o
    0x00002ea4   0x00002ea4   0x00000118   Code   RO          547    i.uart6ISR          uart.o
    0x00002fbc   0x00002fbc   0x00000118   Code   RO          548    i.uart7ISR          uart.o
    0x000030d4   0x000030d4   0x00000118   Code   RO          549    i.uart8ISR          uart.o
    0x000031ec   0x000031ec   0x00000118   Code   RO          550    i.uart9ISR          uart.o
    0x00003304   0x00003304   0x0000083c   Code   RO          552    i.uartIoctl         uart.o
    0x00003b40   0x00003b40   0x0000006c   Code   RO          553    i.uartOpen          uart.o
    0x00003bac   0x00003bac   0x00000030   Data   RO         1022    Region$$Table       anon$$obj.o


    Execution Region RW_RAM1 (Exec base: 0x00003bdc, Load base: 0x00003bdc, Size: 0x00024638, Max: 0xffffffff, ABSOLUTE, COMPRESSED[0x0000001c])

    Exec Addr    Load Addr    Size         Type   Attr      Idx    E Section Name        Object

    0x00003bdc   COMPRESSED   0x0000000e   Data   RW            5    .data               main.o
    0x00003bea   COMPRESSED   0x00000002   PAD
    0x00003bec   COMPRESSED   0x000001f4   Data   RW           96    .data               sys.o
    0x00003de0   COMPRESSED   0x00000010   Data   RW          440    .data               system_nuc970.o
    0x00003df0   COMPRESSED   0x00000086   Data   RW          558    .data               uart.o
    0x00003e76   COMPRESSED   0x00000002   PAD
    0x00003e78   COMPRESSED   0x00000004   Data   RW          933    .data               c_5.l(heapauxa.o)
    0x00003e7c   COMPRESSED   0x00000184   PAD
    0x00004000        -       0x00024000   Zero   RW          439    .bss                system_nuc970.o
    0x00028000        -       0x00000210   Zero   RW          557    .bss                uart.o
    0x00028210        -       0x00000004   Zero   RW          825    .bss                c_5.l(rt_heap_descriptor.o)


==============================================================================

Image component sizes


      Code (inc. data)   RO Data    RW Data    ZI Data      Debug   Object Name

       324         24          0         14          0      69011   main.o
        64          4          0          0          0       1964   standalone.o
       176         60          0          0          0        344   startup_nuc970.o
       716         72          0        500          0      55120   sys.o
        48          0          0          0          0        256   sys_nuc970.o
      1316          0          0          0          0       4972   sys_uart.o
      1744         64          0         16     147456       6153   system_nuc970.o
      8968        516          0        134        528      19636   uart.o

    ----------------------------------------------------------------------
     13356        740         48        668     147984     157456   Object Totals
         0          0         48          0          0          0   (incl. Generated)
         0          0          0          4          0          0   (incl. Padding)

    ----------------------------------------------------------------------

      Code (inc. data)   RO Data    RW Data    ZI Data      Debug   Library Member Name

        92          0          0          0          0          0   __dczerorl2.o
         8          0          0          0          0         68   __main.o
         0          0          0          0          0          0   __rtentry.o
        44          4          0          0          0          0   __rtentry2.o
         8          0          0          0          0          0   __rtentry4.o
        60          8          0          0          0          0   __scatter.o
        40          0          0          0          0          0   __scatter_copy.o
        44          0          0          0          0          0   __scatter_zi.o
       416          0          0          0          0        144   aeabi_sdiv.o
        12          0          0          0          0         68   defsig_exit.o
        52          0          0          0          0         72   defsig_general.o
        80         58          0          0          0         68   defsig_rtmem_inner.o
        12          0          0          0          0         68   defsig_rtmem_outer.o
        16          0          0          0          0         68   exit.o
        98          0          0          0          0         72   h1_alloc.o
        52          0          0          0          0         68   h1_extend.o
        76          0          0          0          0         72   h1_free.o
        14          0          0          0          0         76   h1_init.o
        80          4          0          4          0         88   heapauxa.o
         4          0          0          0          0        120   hguard.o
       136          0          0          0          0        160   init_alloc.o
         2          0          0          0          0          0   libinit.o
        10          0          0          0          0          0   libinit2.o
         2          0          0          0          0          0   libshutdown.o
         2          0          0          0          0          0   libshutdown2.o
         0          0          0          0          0          0   maybetermalloc1.o
        12          4          0          0          4         68   rt_heap_descriptor.o
        64          0          0          0          0         68   rt_memclr.o
        84          0          0          0          0         80   rt_memclr_w.o
       212          0          0          0          0         68   rt_memcpy.o
       100          0          0          0          0         80   rt_memcpy_w.o
         4          0          0          0          0          0   rtexit.o
        12          0          0          0          0          0   rtexit2.o
        68          6          0          0          0         72   strlen.o

    ----------------------------------------------------------------------
      1920         84          0          4        392       1648   Library Totals
         4          0          0          0        388          0   (incl. Padding)

    ----------------------------------------------------------------------

      Code (inc. data)   RO Data    RW Data    ZI Data      Debug   Library Name

      1916         84          0          4          4       1648   c_5.l

    ----------------------------------------------------------------------
      1920         84          0          4        392       1648   Library Totals

    ----------------------------------------------------------------------

==============================================================================


      Code (inc. data)   RO Data    RW Data    ZI Data      Debug   

     15276        824         48        672     148376     155936   Grand Totals
     15276        824         48         28     148376     155936   ELF Image Totals (compressed)
     15276        824         48         28          0          0   ROM Totals

==============================================================================

    Total RO  Size (Code + RO Data)                15324 (  14.96kB)
    Total RW  Size (RW Data + ZI Data)            149048 ( 145.55kB)
    Total ROM Size (Code + RO Data + RW Data)      15352 (  14.99kB)

==============================================================================

